Component: ARM Compiler 5.06 update 7 (build 960) Tool: armlink [4d3601]

==============================================================================

Section Cross References

    startup_stm32f103xb.o(RESET) refers to startup_stm32f103xb.o(STACK) for __initial_sp
    startup_stm32f103xb.o(RESET) refers to startup_stm32f103xb.o(.text) for Reset_Handler
    startup_stm32f103xb.o(RESET) refers to stm32f1xx_it.o(i.NMI_Handler) for NMI_Handler
    startup_stm32f103xb.o(RESET) refers to stm32f1xx_it.o(i.HardFault_Handler) for HardFault_Handler
    startup_stm32f103xb.o(RESET) refers to stm32f1xx_it.o(i.MemManage_Handler) for MemManage_Handler
    startup_stm32f103xb.o(RESET) refers to stm32f1xx_it.o(i.BusFault_Handler) for BusFault_Handler
    startup_stm32f103xb.o(RESET) refers to stm32f1xx_it.o(i.UsageFault_Handler) for UsageFault_Handler
    startup_stm32f103xb.o(RESET) refers to port.o(.emb_text) for SVC_Handler
    startup_stm32f103xb.o(RESET) refers to stm32f1xx_it.o(i.DebugMon_Handler) for DebugMon_Handler
    startup_stm32f103xb.o(RESET) refers to port.o(i.SysTick_Handler) for SysTick_Handler
    startup_stm32f103xb.o(RESET) refers to stm32f1xx_it.o(i.TIM2_IRQHandler) for TIM2_IRQHandler
    startup_stm32f103xb.o(RESET) refers to stm32f1xx_it.o(i.TIM4_IRQHandler) for TIM4_IRQHandler
    startup_stm32f103xb.o(RESET) refers to stm32f1xx_it.o(i.USART1_IRQHandler) for USART1_IRQHandler
    startup_stm32f103xb.o(.text) refers to system_stm32f1xx.o(i.SystemInit) for SystemInit
    startup_stm32f103xb.o(.text) refers to entry.o(.ARM.Collect$$$$00000000) for __main
    main.o(i.HAL_TIM_PeriodElapsedCallback) refers to stm32f1xx_hal.o(i.HAL_IncTick) for HAL_IncTick
    main.o(i.SystemClock_Config) refers to memseta.o(.text) for __aeabi_memclr4
    main.o(i.SystemClock_Config) refers to stm32f1xx_hal_rcc.o(i.HAL_RCC_OscConfig) for HAL_RCC_OscConfig
    main.o(i.SystemClock_Config) refers to stm32f1xx_hal_rcc.o(i.HAL_RCC_ClockConfig) for HAL_RCC_ClockConfig
    main.o(i.SystemClock_Config) refers to stm32f1xx_hal_rcc_ex.o(i.HAL_RCCEx_PeriphCLKConfig) for HAL_RCCEx_PeriphCLKConfig
    main.o(i.main) refers to stm32f1xx_hal.o(i.HAL_Init) for HAL_Init
    main.o(i.main) refers to main.o(i.SystemClock_Config) for SystemClock_Config
    main.o(i.main) refers to gpio.o(i.MX_GPIO_Init) for MX_GPIO_Init
    main.o(i.main) refers to i2c.o(i.MX_I2C1_Init) for MX_I2C1_Init
    main.o(i.main) refers to adc.o(i.MX_ADC1_Init) for MX_ADC1_Init
    main.o(i.main) refers to usart.o(i.MX_USART1_UART_Init) for MX_USART1_UART_Init
    main.o(i.main) refers to tim.o(i.MX_TIM2_Init) for MX_TIM2_Init
    main.o(i.main) refers to tim.o(i.MX_TIM1_Init) for MX_TIM1_Init
    main.o(i.main) refers to i2c.o(i.MX_I2C2_Init) for MX_I2C2_Init
    main.o(i.main) refers to cmsis_os2.o(i.osKernelInitialize) for osKernelInitialize
    main.o(i.main) refers to freertos.o(i.MX_FREERTOS_Init) for MX_FREERTOS_Init
    main.o(i.main) refers to cmsis_os2.o(i.osKernelStart) for osKernelStart
    gpio.o(i.MX_GPIO_Init) refers to stm32f1xx_hal_gpio.o(i.HAL_GPIO_WritePin) for HAL_GPIO_WritePin
    gpio.o(i.MX_GPIO_Init) refers to stm32f1xx_hal_gpio.o(i.HAL_GPIO_Init) for HAL_GPIO_Init
    freertos.o(i.HAL_GPIO_EXTI_Callback) refers to queue.o(i.xQueueGenericSendFromISR) for xQueueGenericSendFromISR
    freertos.o(i.HAL_GPIO_EXTI_Callback) refers to stm32f1xx_hal_gpio.o(i.HAL_GPIO_WritePin) for HAL_GPIO_WritePin
    freertos.o(i.HAL_GPIO_EXTI_Callback) refers to showmenu.o(.data) for seclect_end
    freertos.o(i.HAL_GPIO_EXTI_Callback) refers to freertos.o(.data) for .data
    freertos.o(i.HAL_GPIO_EXTI_Callback) refers to showmenu.o(.data) for end_flag
    freertos.o(i.MX_FREERTOS_Init) refers to driver_lcd.o(i.LCD_Init) for LCD_Init
    freertos.o(i.MX_FREERTOS_Init) refers to driver_lcd.o(i.LCD_Clear) for LCD_Clear
    freertos.o(i.MX_FREERTOS_Init) refers to cmsis_os2.o(i.osThreadNew) for osThreadNew
    freertos.o(i.MX_FREERTOS_Init) refers to tasks.o(i.xTaskCreate) for xTaskCreate
    freertos.o(i.MX_FREERTOS_Init) refers to freertos.o(.constdata) for .constdata
    freertos.o(i.MX_FREERTOS_Init) refers to freertos.o(i.StartDefaultTask) for StartDefaultTask
    freertos.o(i.MX_FREERTOS_Init) refers to freertos.o(.data) for .data
    freertos.o(i.MX_FREERTOS_Init) refers to mytask.o(i.MyTask_CreateTask) for MyTask_CreateTask
    freertos.o(i.MX_FREERTOS_Init) refers to showmenu.o(i.ShowMenuTask) for ShowMenuTask
    freertos.o(i.StartDefaultTask) refers to driver_lcd.o(i.LCD_Init) for LCD_Init
    freertos.o(i.StartDefaultTask) refers to driver_lcd.o(i.LCD_Clear) for LCD_Clear
    freertos.o(i.StartDefaultTask) refers to cmsis_os2.o(i.osDelay) for osDelay
    freertos.o(.constdata) refers to freertos.o(.conststring) for .conststring
    adc.o(i.HAL_ADC_MspDeInit) refers to stm32f1xx_hal_gpio.o(i.HAL_GPIO_DeInit) for HAL_GPIO_DeInit
[...]
    Removing u8g2_fonts.o(.constdata), (295 bytes).
    Removing u8g2_fonts.o(.constdata), (581 bytes).
    Removing u8g2_fonts.o(.constdata), (1928 bytes).
    Removing u8g2_fonts.o(.constdata), (840 bytes).
    Removing u8g2_fonts.o(.constdata), (178 bytes).
    Removing u8g2_fonts.o(.constdata), (2486 bytes).
    Removing u8g2_fonts.o(.constdata), (1040 bytes).
    Removing u8g2_fonts.o(.constdata), (206 bytes).
    Removing u8g2_fonts.o(.constdata), (2251 bytes).
    Removing u8g2_fonts.o(.constdata), (967 bytes).
    Removing u8g2_fonts.o(.constdata), (202 bytes).
    Removing u8g2_fonts.o(.constdata), (2827 bytes).
    Removing u8g2_fonts.o(.constdata), (1199 bytes).
    Removing u8g2_fonts.o(.constdata), (230 bytes).
    Removing u8g2_fonts.o(.constdata), (2310 bytes).
    Removing u8g2_fonts.o(.constdata), (978 bytes).
    Removing u8g2_fonts.o(.constdata), (208 bytes).
    Removing u8g2_fonts.o(.constdata), (2911 bytes).
    Removing u8g2_fonts.o(.constdata), (1200 bytes).
    Removing u8g2_fonts.o(.constdata), (234 bytes).
    Removing u8g2_fonts.o(.constdata), (2643 bytes).
    Removing u8g2_fonts.o(.constdata), (1091 bytes).
    Removing u8g2_fonts.o(.constdata), (219 bytes).
    Removing u8g2_fonts.o(.constdata), (3398 bytes).
    Removing u8g2_fonts.o(.constdata), (1421 bytes).
    Removing u8g2_fonts.o(.constdata), (275 bytes).
    Removing u8g2_fonts.o(.constdata), (3137 bytes).
    Removing u8g2_fonts.o(.constdata), (1286 bytes).
    Removing u8g2_fonts.o(.constdata), (262 bytes).
    Removing u8g2_fonts.o(.constdata), (4227 bytes).
    Removing u8g2_fonts.o(.constdata), (1759 bytes).
    Removing u8g2_fonts.o(.constdata), (334 bytes).
    Removing u8g2_fonts.o(.constdata), (4184 bytes).
    Removing u8g2_fonts.o(.constdata), (1704 bytes).
    Removing u8g2_fonts.o(.constdata), (345 bytes).
    Removing u8g2_fonts.o(.constdata), (5526 bytes).
    Removing u8g2_fonts.o(.constdata), (2297 bytes).
    Removing u8g2_fonts.o(.constdata), (433 bytes).
    Removing u8g2_fonts.o(.constdata), (5277 bytes).
    Removing u8g2_fonts.o(.constdata), (2108 bytes).
    Removing u8g2_fonts.o(.constdata), (424 bytes).
    Removing u8g2_fonts.o(.constdata), (7170 bytes).
    Removing u8g2_fonts.o(.constdata), (3002 bytes).
    Removing u8g2_fonts.o(.constdata), (522 bytes).
    Removing u8g2_fonts.o(.constdata), (5670 bytes).
    Removing u8g2_fonts.o(.constdata), (6496 bytes).
    Removing u8g2_fonts.o(.constdata), (7269 bytes).
    Removing u8g2_fonts.o(.constdata), (8356 bytes).
    Removing u8g2_fonts.o(.constdata), (5665 bytes).
    Removing u8g2_fonts.o(.constdata), (6486 bytes).
    Removing u8g2_fonts.o(.constdata), (7263 bytes).
    Removing u8g2_fonts.o(.constdata), (8362 bytes).
    Removing u8g2_fonts.o(.constdata), (3203 bytes).
    Removing u8g2_fonts.o(.constdata), (3719 bytes).
    Removing u8g2_fonts.o(.constdata), (4348 bytes).
    Removing u8g2_fonts.o(.constdata), (5043 bytes).
    Removing u8g2_fonts.o(.constdata), (3309 bytes).
    Removing u8g2_fonts.o(.constdata), (3818 bytes).
    Removing u8g2_fonts.o(.constdata), (4574 bytes).
    Removing u8g2_fonts.o(.constdata), (5210 bytes).
    Removing u8g2_fonts.o(.constdata), (6062 bytes).
    Removing u8g2_fonts.o(.constdata), (1952 bytes).
    Removing u8g2_fonts.o(.constdata), (942 bytes).
    Removing u8g2_fonts.o(.constdata), (195 bytes).
    Removing u8g2_fonts.o(.constdata), (2716 bytes).
    Removing u8g2_fonts.o(.constdata), (3567 bytes).
    Removing u8g2_fonts.o(.constdata), (2111 bytes).
    Removing u8g2_fonts.o(.constdata), (1009 bytes).
    Removing u8g2_fonts.o(.constdata), (187 bytes).
    Removing u8g2_fonts.o(.constdata), (12056 bytes).
    Removing u8g2_fonts.o(.constdata), (2518 bytes).
    Removing u8g2_fonts.o(.constdata), (1185 bytes).
    Removing u8g2_fonts.o(.constdata), (235 bytes).
    Removing u8g2_fonts.o(.constdata), (10123 bytes).
    Removing u8g2_fonts.o(.constdata), (2267 bytes).
    Removing u8g2_fonts.o(.constdata), (1056 bytes).
    Removing u8g2_fonts.o(.constdata), (201 bytes).
    Removing u8g2_fonts.o(.constdata), (3115 bytes).
    Removing u8g2_fonts.o(.constdata), (4345 bytes).
    Removing u8g2_fonts.o(.constdata), (3123 bytes).
    Removing u8g2_fonts.o(.constdata), (1454 bytes).
    Removing u8g2_fonts.o(.constdata), (265 bytes).
    Removing u8g2_fonts.o(.constdata), (6472 bytes).
    Removing u8g2_fonts.o(.constdata), (2247 bytes).
    Removing u8g2_fonts.o(.constdata), (1242 bytes).
    Removing u8g2_fonts.o(.constdata), (228 bytes).
    Removing u8g2_fonts.o(.constdata), (2191 bytes).
    Removing u8g2_fonts.o(.constdata), (1023 bytes).
    Removing u8g2_fonts.o(.constdata), (198 bytes).
    Removing u8g2_fonts.o(.constdata), (2123 bytes).
    Removing u8g2_fonts.o(.constdata), (999 bytes).
    Removing u8g2_fonts.o(.constdata), (190 bytes).
    Removing u8g2_fonts.o(.constdata), (2043 bytes).
    Removing u8g2_fonts.o(.constdata), (975 bytes).
    Removing u8g2_fonts.o(.constdata), (186 bytes).
    Removing u8g2_fonts.o(.constdata), (2689 bytes).
    Removing u8g2_fonts.o(.constdata), (1262 bytes).
    Removing u8g2_fonts.o(.constdata), (220 bytes).
    Removing u8g2_fonts.o(.constdata), (1805 bytes).
    Removing u8g2_fonts.o(.constdata), (900 bytes).
    Removing u8g2_fonts.o(.constdata), (187 bytes).
    Removing u8g2_fonts.o(.constdata), (2177 bytes).
    Removing u8g2_fonts.o(.constdata), (1056 bytes).
    Removing u8g2_fonts.o(.constdata), (211 bytes).
    Removing u8g2_fonts.o(.constdata), (4597 bytes).
    Removing u8g2_fonts.o(.constdata), (2196 bytes).
    Removing u8g2_fonts.o(.constdata), (1067 bytes).
    Removing u8g2_fonts.o(.constdata), (211 bytes).
    Removing u8g2_fonts.o(.constdata), (4637 bytes).
    Removing u8g2_fonts.o(.constdata), (1989 bytes).
    Removing u8g2_fonts.o(.constdata), (968 bytes).
    Removing u8g2_fonts.o(.constdata), (189 bytes).
    Removing u8g2_fonts.o(.constdata), (2145 bytes).
    Removing u8g2_fonts.o(.constdata), (1007 bytes).
    Removing u8g2_fonts.o(.constdata), (207 bytes).
    Removing u8g2_fonts.o(.constdata), (6465 bytes).
    Removing u8g2_fonts.o(.constdata), (2211 bytes).
    Removing u8g2_fonts.o(.constdata), (1081 bytes).
    Removing u8g2_fonts.o(.constdata), (198 bytes).
    Removing u8g2_fonts.o(.constdata), (5062 bytes).
    Removing u8g2_fonts.o(.constdata), (2138 bytes).
    Removing u8g2_fonts.o(.constdata), (1054 bytes).
    Removing u8g2_fonts.o(.constdata), (207 bytes).
    Removing u8g2_fonts.o(.constdata), (4932 bytes).
    Removing u8g2_fonts.o(.constdata), (2272 bytes).
    Removing u8g2_fonts.o(.constdata), (1076 bytes).
    Removing u8g2_fonts.o(.constdata), (200 bytes).
    Removing u8g2_fonts.o(.constdata), (3934 bytes).
    Removing u8g2_fonts.o(.constdata), (1838 bytes).
    Removing u8g2_fonts.o(.constdata), (269 bytes).
    Removing u8g2_fonts.o(.constdata), (8672 bytes).
    Removing u8g2_fonts.o(.constdata), (2089 bytes).
    Removing u8g2_fonts.o(.constdata), (971 bytes).
    Removing u8g2_fonts.o(.constdata), (173 bytes).
    Removing u8g2_fonts.o(.constdata), (5159 bytes).
    Removing u8g2_fonts.o(.constdata), (2306 bytes).
    Removing u8g2_fonts.o(.constdata), (1084 bytes).
    Removing u8g2_fonts.o(.constdata), (199 bytes).
    Removing u8g2_fonts.o(.constdata), (5340 bytes).
    Removing u8g2_fonts.o(.constdata), (3024 bytes).
    Removing u8g2_fonts.o(.constdata), (1466 bytes).
    Removing u8g2_fonts.o(.constdata), (237 bytes).
    Removing u8g2_fonts.o(.constdata), (6299 bytes).
    Removing u8g2_fonts.o(.constdata), (3847 bytes).
    Removing u8g2_fonts.o(.constdata), (1919 bytes).
    Removing u8g2_fonts.o(.constdata), (234 bytes).
    Removing u8g2_fonts.o(.constdata), (9488 bytes).
    Removing u8g2_fonts.o(.constdata), (2408 bytes).
    Removing u8g2_fonts.o(.constdata), (1829 bytes).
    Removing u8g2_fonts.o(.constdata), (1018 bytes).
    Removing u8g2_fonts.o(.constdata), (194 bytes).
    Removing u8g2_fonts.o(.constdata), (1254 bytes).
    Removing u8g2_fonts.o(.constdata), (235 bytes).
    Removing u8g2_fonts.o(.constdata), (1589 bytes).
    Removing u8g2_fonts.o(.constdata), (246 bytes).
    Removing u8g2_fonts.o(.constdata), (1277 bytes).
    Removing u8g2_fonts.o(.constdata), (212 bytes).
    Removing u8g2_fonts.o(.constdata), (1435 bytes).
    Removing u8g2_fonts.o(.constdata), (258 bytes).
    Removing u8g2_fonts.o(.constdata), (1351 bytes).
    Removing u8g2_fonts.o(.constdata), (223 bytes).
    Removing u8g2_fonts.o(.constdata), (1893 bytes).
    Removing u8g2_fonts.o(.constdata), (338 bytes).
    Removing u8g2_fonts.o(.constdata), (1829 bytes).
    Removing u8g2_fonts.o(.constdata), (995 bytes).
    Removing u8g2_fonts.o(.constdata), (1762 bytes).
    Removing u8g2_fonts.o(.constdata), (1044 bytes).
    Removing u8g2_fonts.o(.constdata), (193 bytes).
    Removing u8g2_fonts.o(.constdata), (734 bytes).
    Removing u8g2_fonts.o(.constdata), (1548 bytes).
    Removing u8g2_fonts.o(.constdata), (292 bytes).
    Removing u8g2_fonts.o(.constdata), (1058 bytes).
    Removing u8g2_fonts.o(.constdata), (3391 bytes).
    Removing u8g2_fonts.o(.constdata), (1630 bytes).
    Removing u8g2_fonts.o(.constdata), (260 bytes).
    Removing u8g2_fonts.o(.constdata), (1174 bytes).
    Removing u8g2_fonts.o(.constdata), (1423 bytes).
    Removing u8g2_fonts.o(.constdata), (239 bytes).
    Removing u8g2_fonts.o(.constdata), (989 bytes).
    Removing u8g2_fonts.o(.constdata), (1223 bytes).
    Removing u8g2_fonts.o(.constdata), (1038 bytes).
    Removing u8g2_fonts.o(.constdata), (1391 bytes).
    Removing u8g2_fonts.o(.constdata), (932 bytes).
    Removing u8g2_fonts.o(.constdata), (951 bytes).
    Removing u8g2_fonts.o(.constdata), (1403 bytes).
    Removing u8g2_fonts.o(.constdata), (869 bytes).
    Removing u8g2_fonts.o(.constdata), (564 bytes).
    Removing u8g2_fonts.o(.constdata), (2432 bytes).
    Removing u8g2_fonts.o(.constdata), (1086 bytes).
    Removing u8g2_fonts.o(.constdata), (201 bytes).
    Removing u8g2_fonts.o(.constdata), (752 bytes).
    Removing u8g2_fonts.o(.constdata), (4513 bytes).
    Removing u8g2_fonts.o(.constdata), (1171 bytes).
    Removing u8g2_fonts.o(.constdata), (1134 bytes).
    Removing u8g2_fonts.o(.constdata), (217 bytes).
    Removing u8g2_fonts.o(.constdata), (775 bytes).
    Removing u8g2_fonts.o(.constdata), (2213 bytes).
    Removing u8g2_fonts.o(.constdata), (1202 bytes).
    Removing u8g2_fonts.o(.constdata), (221 bytes).
    Removing u8g2_fonts.o(.constdata), (816 bytes).
    Removing u8g2_fonts.o(.constdata), (2747 bytes).
    Removing u8g2_fonts.o(.constdata), (3364 bytes).
    Removing u8g2_fonts.o(.constdata), (2959 bytes).
    Removing u8g2_fonts.o(.constdata), (524 bytes).
    Removing u8g2_fonts.o(.constdata), (2001 bytes).
    Removing u8g2_fonts.o(.constdata), (2089 bytes).
    Removing u8g2_fonts.o(.constdata), (1120 bytes).
    Removing u8g2_fonts.o(.constdata), (217 bytes).
    Removing u8g2_fonts.o(.constdata), (753 bytes).
    Removing u8g2_fonts.o(.constdata), (2587 bytes).
    Removing u8g2_fonts.o(.constdata), (2035 bytes).
    Removing u8g2_fonts.o(.constdata), (1068 bytes).
    Removing u8g2_fonts.o(.constdata), (210 bytes).
    Removing u8g2_fonts.o(.constdata), (720 bytes).
    Removing u8g2_fonts.o(.constdata), (2532 bytes).
    Removing u8g2_fonts.o(.constdata), (1596 bytes).
    Removing u8g2_fonts.o(.constdata), (1183 bytes).
    Removing u8g2_fonts.o(.constdata), (1047 bytes).
    Removing u8g2_fonts.o(.constdata), (1368 bytes).
    Removing u8g2_fonts.o(.constdata), (1742 bytes).
    Removing u8g2_fonts.o(.constdata), (1446 bytes).
    Removing u8g2_fonts.o(.constdata), (294 bytes).
    Removing u8g2_fonts.o(.constdata), (1573 bytes).
    Removing u8g2_fonts.o(.constdata), (1455 bytes).
    Removing u8g2_fonts.o(.constdata), (262 bytes).
    Removing u8g2_fonts.o(.constdata), (1087 bytes).
    Removing u8g2_fonts.o(.constdata), (891 bytes).
    Removing u8g2_fonts.o(.constdata), (191 bytes).
    Removing u8g2_fonts.o(.constdata), (1234 bytes).
    Removing u8g2_fonts.o(.constdata), (1022 bytes).
    Removing u8g2_fonts.o(.constdata), (195 bytes).
    Removing u8g2_fonts.o(.constdata), (984 bytes).
    Removing u8g2_fonts.o(.constdata), (798 bytes).
    Removing u8g2_fonts.o(.constdata), (161 bytes).
    Removing u8g2_fonts.o(.constdata), (1549 bytes).
    Removing u8g2_fonts.o(.constdata), (1303 bytes).
    Removing u8g2_fonts.o(.constdata), (209 bytes).
    Removing u8g2_fonts.o(.constdata), (1206 bytes).
    Removing u8g2_fonts.o(.constdata), (235 bytes).
    Removing u8g2_fonts.o(.constdata), (1264 bytes).
    Removing u8g2_fonts.o(.constdata), (935 bytes).
    Removing u8g2_fonts.o(.constdata), (192 bytes).
    Removing u8g2_fonts.o(.constdata), (860 bytes).
    Removing u8g2_fonts.o(.constdata), (162 bytes).
    Removing u8g2_fonts.o(.constdata), (891 bytes).
    Removing u8g2_fonts.o(.constdata), (162 bytes).
    Removing u8g2_fonts.o(.constdata), (3077 bytes).
    Removing u8g2_fonts.o(.constdata), (1441 bytes).
    Removing u8g2_fonts.o(.constdata), (7752 bytes).
    Removing u8g2_fonts.o(.constdata), (1670 bytes).
    Removing u8g2_fonts.o(.constdata), (2786 bytes).
    Removing u8g2_fonts.o(.constdata), (1732 bytes).
    Removing u8g2_fonts.o(.constdata), (3045 bytes).
    Removing u8g2_fonts.o(.constdata), (2535 bytes).
    Removing u8g2_fonts.o(.constdata), (1202 bytes).
    Removing u8g2_fonts.o(.constdata), (1604 bytes).
    Removing u8g2_fonts.o(.constdata), (2923 bytes).
    Removing u8g2_fonts.o(.constdata), (871 bytes).
    Removing u8g2_fonts.o(.constdata), (1823 bytes).
    Removing u8g2_fonts.o(.constdata), (1033 bytes).
    Removing u8g2_fonts.o(.constdata), (416 bytes).
    Removing u8g2_fonts.o(.constdata), (538 bytes).
    Removing u8g2_fonts.o(.constdata), (650 bytes).
    Removing u8g2_fonts.o(.constdata), (654 bytes).
    Removing u8g2_fonts.o(.constdata), (609 bytes).
    Removing u8g2_fonts.o(.constdata), (1411 bytes).
    Removing u8g2_fonts.o(.constdata), (648 bytes).
    Removing u8g2_fonts.o(.constdata), (2656 bytes).
    Removing u8g2_fonts.o(.constdata), (669 bytes).
    Removing u8g2_fonts.o(.constdata), (798 bytes).
    Removing u8g2_fonts.o(.constdata), (1439 bytes).
    Removing u8g2_fonts.o(.constdata), (662 bytes).
    Removing u8g2_fonts.o(.constdata), (2652 bytes).
    Removing u8g2_fonts.o(.constdata), (1669 bytes).
    Removing u8g2_fonts.o(.constdata), (766 bytes).
    Removing u8g2_fonts.o(.constdata), (2190 bytes).
    Removing u8g2_fonts.o(.constdata), (1562 bytes).
    Removing u8g2_fonts.o(.constdata), (736 bytes).
    Removing u8g2_fonts.o(.constdata), (2968 bytes).
    Removing u8g2_fonts.o(.constdata), (692 bytes).
    Removing u8g2_fonts.o(.constdata), (669 bytes).
    Removing u8g2_fonts.o(.constdata), (740 bytes).
    Removing u8g2_fonts.o(.constdata), (698 bytes).
    Removing u8g2_fonts.o(.constdata), (2721 bytes).
    Removing u8g2_fonts.o(.constdata), (867 bytes).
    Removing u8g2_fonts.o(.constdata), (792 bytes).
    Removing u8g2_fonts.o(.constdata), (677 bytes).
    Removing u8g2_fonts.o(.constdata), (906 bytes).
    Removing u8g2_fonts.o(.constdata), (663 bytes).
    Removing u8g2_fonts.o(.constdata), (714 bytes).
    Removing u8g2_fonts.o(.constdata), (816 bytes).
    Removing u8g2_fonts.o(.constdata), (912 bytes).
    Removing u8g2_fonts.o(.constdata), (1925 bytes).
    Removing u8g2_fonts.o(.constdata), (897 bytes).
    Removing u8g2_fonts.o(.constdata), (3546 bytes).
    Removing u8g2_fonts.o(.constdata), (1044 bytes).
    Removing u8g2_fonts.o(.constdata), (1034 bytes).
    Removing u8g2_fonts.o(.constdata), (914 bytes).
    Removing u8g2_fonts.o(.constdata), (989 bytes).
    Removing u8g2_fonts.o(.constdata), (965 bytes).
    Removing u8g2_fonts.o(.constdata), (1266 bytes).
    Removing u8g2_fonts.o(.constdata), (2570 bytes).
    Removing u8g2_fonts.o(.constdata), (1191 bytes).
    Removing u8g2_fonts.o(.constdata), (7601 bytes).
    Removing u8g2_fonts.o(.constdata), (754 bytes).
    Removing u8g2_fonts.o(.constdata), (837 bytes).
    Removing u8g2_fonts.o(.constdata), (1517 bytes).
    Removing u8g2_fonts.o(.constdata), (1211 bytes).
    Removing u8g2_fonts.o(.constdata), (2515 bytes).
    Removing u8g2_fonts.o(.constdata), (941 bytes).
    Removing u8g2_fonts.o(.constdata), (2427 bytes).
    Removing u8g2_fonts.o(.constdata), (884 bytes).
    Removing u8g2_fonts.o(.constdata), (944 bytes).
    Removing u8g2_fonts.o(.constdata), (1151 bytes).
    Removing u8g2_fonts.o(.constdata), (1387 bytes).
    Removing u8g2_fonts.o(.constdata), (949 bytes).
    Removing u8g2_fonts.o(.constdata), (3656 bytes).
    Removing u8g2_fonts.o(.constdata), (1333 bytes).
    Removing u8g2_fonts.o(.constdata), (989 bytes).
    Removing u8g2_fonts.o(.constdata), (1091 bytes).
    Removing u8g2_fonts.o(.constdata), (1067 bytes).
    Removing u8g2_fonts.o(.constdata), (735 bytes).
    Removing u8g2_fonts.o(.constdata), (1059 bytes).
    Removing u8g2_fonts.o(.constdata), (4045 bytes).
    Removing u8g2_fonts.o(.constdata), (924 bytes).
    Removing u8g2_fonts.o(.constdata), (1963 bytes).
    Removing u8g2_fonts.o(.constdata), (7428 bytes).
    Removing u8g2_fonts.o(.constdata), (1148 bytes).
    Removing u8g2_fonts.o(.constdata), (1285 bytes).
    Removing u8g2_fonts.o(.constdata), (1871 bytes).
    Removing u8g2_fonts.o(.constdata), (1358 bytes).
    Removing u8g2_fonts.o(.constdata), (1400 bytes).
    Removing u8g2_fonts.o(.constdata), (1200 bytes).
    Removing u8g2_fonts.o(.constdata), (2611 bytes).
    Removing u8g2_fonts.o(.constdata), (2578 bytes).
    Removing u8g2_fonts.o(.constdata), (1185 bytes).
    Removing u8g2_fonts.o(.constdata), (4558 bytes).
    Removing u8g2_fonts.o(.constdata), (1071 bytes).
    Removing u8g2_fonts.o(.constdata), (2434 bytes).
    Removing u8g2_fonts.o(.constdata), (1951 bytes).
    Removing u8g2_fonts.o(.constdata), (1689 bytes).
    Removing u8g2_fonts.o(.constdata), (777 bytes).
    Removing u8g2_fonts.o(.constdata), (3050 bytes).
    Removing u8g2_fonts.o(.constdata), (1108 bytes).
    Removing u8g2_fonts.o(.constdata), (1429 bytes).
    Removing u8g2_fonts.o(.constdata), (2833 bytes).
    Removing u8g2_fonts.o(.constdata), (1346 bytes).
    Removing u8g2_fonts.o(.constdata), (5024 bytes).
    Removing u8g2_fonts.o(.constdata), (2453 bytes).
    Removing u8g2_fonts.o(.constdata), (1138 bytes).
    Removing u8g2_fonts.o(.constdata), (4505 bytes).
    Removing u8g2_fonts.o(.constdata), (1517 bytes).
    Removing u8g2_fonts.o(.constdata), (2978 bytes).
    Removing u8g2_fonts.o(.constdata), (1363 bytes).
    Removing u8g2_fonts.o(.constdata), (5395 bytes).
    Removing u8g2_fonts.o(.constdata), (1408 bytes).
    Removing u8g2_fonts.o(.constdata), (2278 bytes).
    Removing u8g2_fonts.o(.constdata), (1036 bytes).
    Removing u8g2_fonts.o(.constdata), (4089 bytes).
    Removing u8g2_fonts.o(.constdata), (2044 bytes).
    Removing u8g2_fonts.o(.constdata), (1085 bytes).
    Removing u8g2_fonts.o(.constdata), (2135 bytes).
    Removing u8g2_fonts.o(.constdata), (2612 bytes).
    Removing u8g2_fonts.o(.constdata), (1249 bytes).
    Removing u8g2_fonts.o(.constdata), (8156 bytes).
    Removing u8g2_fonts.o(.constdata), (27918 bytes).
    Removing u8g2_fonts.o(.constdata), (2380 bytes).
    Removing u8g2_fonts.o(.constdata), (1104 bytes).
    Removing u8g2_fonts.o(.constdata), (4371 bytes).
    Removing u8g2_fonts.o(.constdata), (1434 bytes).
    Removing u8g2_fonts.o(.constdata), (1502 bytes).
    Removing u8g2_fonts.o(.constdata), (1147 bytes).
    Removing u8g2_fonts.o(.constdata), (1213 bytes).
    Removing u8g2_fonts.o(.constdata), (1982 bytes).
    Removing u8g2_fonts.o(.constdata), (951 bytes).
    Removing u8g2_fonts.o(.constdata), (4585 bytes).
    Removing u8g2_fonts.o(.constdata), (758 bytes).
    Removing u8g2_fonts.o(.constdata), (919 bytes).
    Removing u8g2_fonts.o(.constdata), (1028 bytes).
    Removing u8g2_fonts.o(.constdata), (1210 bytes).
    Removing u8g2_fonts.o(.constdata), (1049 bytes).
    Removing u8g2_fonts.o(.constdata), (1159 bytes).
    Removing u8g2_fonts.o(.constdata), (2213 bytes).
    Removing u8g2_fonts.o(.constdata), (1045 bytes).
    Removing u8g2_fonts.o(.constdata), (4027 bytes).
    Removing u8g2_fonts.o(.constdata), (1028 bytes).
    Removing u8g2_fonts.o(.constdata), (2618 bytes).
    Removing u8g2_fonts.o(.constdata), (3179 bytes).
    Removing u8g2_fonts.o(.constdata), (1320 bytes).
    Removing u8g2_fonts.o(.constdata), (1563 bytes).
    Removing u8g2_fonts.o(.constdata), (1172 bytes).
    Removing u8g2_fonts.o(.constdata), (2663 bytes).
    Removing u8g2_fonts.o(.constdata), (1926 bytes).
    Removing u8g2_fonts.o(.constdata), (1118 bytes).
    Removing u8g2_fonts.o(.constdata), (2359 bytes).
    Removing u8g2_fonts.o(.constdata), (1468 bytes).
    Removing u8g2_fonts.o(.constdata), (862 bytes).
    Removing u8g2_fonts.o(.constdata), (1814 bytes).
    Removing u8g2_fonts.o(.constdata), (1381 bytes).
    Removing u8g2_fonts.o(.constdata), (817 bytes).
    Removing u8g2_fonts.o(.constdata), (1711 bytes).
    Removing u8g2_fonts.o(.constdata), (1214 bytes).
    Removing u8g2_fonts.o(.constdata), (1129 bytes).
    Removing u8g2_fonts.o(.constdata), (276 bytes).
    Removing u8g2_fonts.o(.constdata), (1776 bytes).
    Removing u8g2_fonts.o(.constdata), (1021 bytes).
    Removing u8g2_fonts.o(.constdata), (232 bytes).
    Removing u8g2_fonts.o(.constdata), (3312 bytes).
    Removing u8g2_fonts.o(.constdata), (2277 bytes).
    Removing u8g2_fonts.o(.constdata), (1586 bytes).
    Removing u8g2_fonts.o(.constdata), (1010 bytes).
    Removing u8g2_fonts.o(.constdata), (201 bytes).
    Removing u8g2_fonts.o(.constdata), (679 bytes).
    Removing u8g2_fonts.o(.constdata), (1586 bytes).
    Removing u8g2_fonts.o(.constdata), (2683 bytes).
    Removing u8g2_fonts.o(.constdata), (1287 bytes).
    Removing u8g2_fonts.o(.constdata), (235 bytes).
    Removing u8g2_fonts.o(.constdata), (821 bytes).
    Removing u8g2_fonts.o(.constdata), (2683 bytes).
    Removing u8g2_fonts.o(.constdata), (3284 bytes).
    Removing u8g2_fonts.o(.constdata), (1562 bytes).
    Removing u8g2_fonts.o(.constdata), (292 bytes).
    Removing u8g2_fonts.o(.constdata), (1071 bytes).
    Removing u8g2_fonts.o(.constdata), (6963 bytes).
    Removing u8g2_fonts.o(.constdata), (4872 bytes).
    Removing u8g2_fonts.o(.constdata), (2238 bytes).
    Removing u8g2_fonts.o(.constdata), (397 bytes).
    Removing u8g2_fonts.o(.constdata), (1512 bytes).
    Removing u8g2_fonts.o(.constdata), (10579 bytes).
    Removing u8g2_fonts.o(.constdata), (6633 bytes).
    Removing u8g2_fonts.o(.constdata), (3023 bytes).
    Removing u8g2_fonts.o(.constdata), (519 bytes).
    Removing u8g2_fonts.o(.constdata), (2032 bytes).
    Removing u8g2_fonts.o(.constdata), (14249 bytes).
    Removing u8g2_fonts.o(.constdata), (13525 bytes).
    Removing u8g2_fonts.o(.constdata), (6060 bytes).
    Removing u8g2_fonts.o(.constdata), (962 bytes).
    Removing u8g2_fonts.o(.constdata), (4089 bytes).
    Removing u8g2_fonts.o(.constdata), (29147 bytes).
    Removing u8g2_fonts.o(.constdata), (1558 bytes).
    Removing u8g2_fonts.o(.constdata), (891 bytes).
    Removing u8g2_fonts.o(.constdata), (185 bytes).
    Removing u8g2_fonts.o(.constdata), (619 bytes).
    Removing u8g2_fonts.o(.constdata), (3425 bytes).
    Removing u8g2_fonts.o(.constdata), (1670 bytes).
    Removing u8g2_fonts.o(.constdata), (321 bytes).
    Removing u8g2_fonts.o(.constdata), (1122 bytes).
    Removing u8g2_fonts.o(.constdata), (4373 bytes).
    Removing u8g2_fonts.o(.constdata), (2152 bytes).
    Removing u8g2_fonts.o(.constdata), (383 bytes).
    Removing u8g2_fonts.o(.constdata), (1470 bytes).
    Removing u8g2_fonts.o(.constdata), (2699 bytes).
    Removing u8g2_fonts.o(.constdata), (1259 bytes).
    Removing u8g2_fonts.o(.constdata), (240 bytes).
    Removing u8g2_fonts.o(.constdata), (878 bytes).
    Removing u8g2_fonts.o(.constdata), (4805 bytes).
    Removing u8g2_fonts.o(.constdata), (1159 bytes).
    Removing u8g2_fonts.o(.constdata), (2591 bytes).
    Removing u8g2_fonts.o(.constdata), (1207 bytes).
    Removing u8g2_fonts.o(.constdata), (242 bytes).
    Removing u8g2_fonts.o(.constdata), (827 bytes).
    Removing u8g2_fonts.o(.constdata), (4776 bytes).
    Removing u8g2_fonts.o(.constdata), (2565 bytes).
    Removing u8g2_fonts.o(.constdata), (1199 bytes).
    Removing u8g2_fonts.o(.constdata), (230 bytes).
    Removing u8g2_fonts.o(.constdata), (810 bytes).
    Removing u8g2_fonts.o(.constdata), (4794 bytes).
    Removing u8g2_fonts.o(.constdata), (625 bytes).
    Removing u8g2_fonts.o(.constdata), (2268 bytes).
    Removing u8g2_fonts.o(.constdata), (2433 bytes).
    Removing u8g2_fonts.o(.constdata), (3714 bytes).
    Removing u8g2_fonts.o(.constdata), (2477 bytes).
    Removing u8g2_fonts.o(.constdata), (1182 bytes).
    Removing u8g2_fonts.o(.constdata), (221 bytes).
    Removing u8g2_fonts.o(.constdata), (3026 bytes).
    Removing u8g2_fonts.o(.constdata), (1461 bytes).
    Removing u8g2_fonts.o(.constdata), (275 bytes).
    Removing u8g2_fonts.o(.constdata), (2595 bytes).
    Removing u8g2_fonts.o(.constdata), (1225 bytes).
    Removing u8g2_fonts.o(.constdata), (215 bytes).
    Removing u8g2_fonts.o(.constdata), (2955 bytes).
    Removing u8g2_fonts.o(.constdata), (1407 bytes).
    Removing u8g2_fonts.o(.constdata), (245 bytes).
    Removing u8g2_fonts.o(.constdata), (2204 bytes).
    Removing u8g2_fonts.o(.constdata), (1052 bytes).
    Removing u8g2_fonts.o(.constdata), (210 bytes).
    Removing u8g2_fonts.o(.constdata), (2212 bytes).
    Removing u8g2_fonts.o(.constdata), (1053 bytes).
    Removing u8g2_fonts.o(.constdata), (200 bytes).
    Removing u8g2_fonts.o(.constdata), (2314 bytes).
    Removing u8g2_fonts.o(.constdata), (1112 bytes).
    Removing u8g2_fonts.o(.constdata), (199 bytes).
    Removing u8g2_fonts.o(.constdata), (2273 bytes).
    Removing u8g2_fonts.o(.constdata), (1093 bytes).
    Removing u8g2_fonts.o(.constdata), (188 bytes).
    Removing u8g2_fonts.o(.constdata), (2948 bytes).
    Removing u8g2_fonts.o(.constdata), (1369 bytes).
    Removing u8g2_fonts.o(.constdata), (228 bytes).
    Removing u8g2_fonts.o(.constdata), (3509 bytes).
    Removing u8g2_fonts.o(.constdata), (1665 bytes).
    Removing u8g2_fonts.o(.constdata), (262 bytes).
    Removing u8g2_fonts.o(.constdata), (2845 bytes).
    Removing u8g2_fonts.o(.constdata), (1337 bytes).
    Removing u8g2_fonts.o(.constdata), (227 bytes).
    Removing u8g2_fonts.o(.constdata), (3556 bytes).
    Removing u8g2_fonts.o(.constdata), (1676 bytes).
    Removing u8g2_fonts.o(.constdata), (290 bytes).
    Removing u8g2_fonts.o(.constdata), (2552 bytes).
    Removing u8g2_fonts.o(.constdata), (1216 bytes).
    Removing u8g2_fonts.o(.constdata), (220 bytes).
    Removing u8g2_fonts.o(.constdata), (2533 bytes).
    Removing u8g2_fonts.o(.constdata), (1200 bytes).
    Removing u8g2_fonts.o(.constdata), (208 bytes).
    Removing u8g2_fonts.o(.constdata), (2735 bytes).
    Removing u8g2_fonts.o(.constdata), (1305 bytes).
    Removing u8g2_fonts.o(.constdata), (212 bytes).
    Removing u8g2_fonts.o(.constdata), (2726 bytes).
    Removing u8g2_fonts.o(.constdata), (1271 bytes).
    Removing u8g2_fonts.o(.constdata), (197 bytes).
    Removing u8g2_fonts.o(.constdata), (3719 bytes).
    Removing u8g2_fonts.o(.constdata), (1727 bytes).
    Removing u8g2_fonts.o(.constdata), (281 bytes).
    Removing u8g2_fonts.o(.constdata), (4419 bytes).
    Removing u8g2_fonts.o(.constdata), (2062 bytes).
    Removing u8g2_fonts.o(.constdata), (349 bytes).
    Removing u8g2_fonts.o(.constdata), (3683 bytes).
    Removing u8g2_fonts.o(.constdata), (1721 bytes).
    Removing u8g2_fonts.o(.constdata), (271 bytes).
    Removing u8g2_fonts.o(.constdata), (4162 bytes).
    Removing u8g2_fonts.o(.constdata), (1953 bytes).
    Removing u8g2_fonts.o(.constdata), (310 bytes).
    Removing u8g2_fonts.o(.constdata), (3163 bytes).
    Removing u8g2_fonts.o(.constdata), (1504 bytes).
    Removing u8g2_fonts.o(.constdata), (264 bytes).
    Removing u8g2_fonts.o(.constdata), (3080 bytes).
    Removing u8g2_fonts.o(.constdata), (1448 bytes).
    Removing u8g2_fonts.o(.constdata), (246 bytes).
    Removing u8g2_fonts.o(.constdata), (3210 bytes).
    Removing u8g2_fonts.o(.constdata), (1494 bytes).
    Removing u8g2_fonts.o(.constdata), (237 bytes).
    Removing u8g2_fonts.o(.constdata), (3163 bytes).
    Removing u8g2_fonts.o(.constdata), (1454 bytes).
    Removing u8g2_fonts.o(.constdata), (235 bytes).
    Removing u8g2_fonts.o(.constdata), (3745 bytes).
    Removing u8g2_fonts.o(.constdata), (1782 bytes).
    Removing u8g2_fonts.o(.constdata), (311 bytes).
    Removing u8g2_fonts.o(.constdata), (3849 bytes).
    Removing u8g2_fonts.o(.constdata), (1809 bytes).
    Removing u8g2_fonts.o(.constdata), (308 bytes).
    Removing u8g2_fonts.o(.constdata), (3845 bytes).
    Removing u8g2_fonts.o(.constdata), (1760 bytes).
    Removing u8g2_fonts.o(.constdata), (265 bytes).
    Removing u8g2_fonts.o(.constdata), (3981 bytes).
    Removing u8g2_fonts.o(.constdata), (1838 bytes).
    Removing u8g2_fonts.o(.constdata), (270 bytes).
    Removing u8g2_fonts.o(.constdata), (4562 bytes).
    Removing u8g2_fonts.o(.constdata), (2139 bytes).
    Removing u8g2_fonts.o(.constdata), (369 bytes).
    Removing u8g2_fonts.o(.constdata), (4543 bytes).
    Removing u8g2_fonts.o(.constdata), (2144 bytes).
    Removing u8g2_fonts.o(.constdata), (371 bytes).
    Removing u8g2_fonts.o(.constdata), (5001 bytes).
    Removing u8g2_fonts.o(.constdata), (2336 bytes).
    Removing u8g2_fonts.o(.constdata), (366 bytes).
    Removing u8g2_fonts.o(.constdata), (5060 bytes).
    Removing u8g2_fonts.o(.constdata), (2362 bytes).
    Removing u8g2_fonts.o(.constdata), (367 bytes).
    Removing u8g2_fonts.o(.constdata), (3328 bytes).
    Removing u8g2_fonts.o(.constdata), (1549 bytes).
    Removing u8g2_fonts.o(.constdata), (253 bytes).
    Removing u8g2_fonts.o(.constdata), (12188 bytes).
    Removing u8g2_fonts.o(.constdata), (3841 bytes).
    Removing u8g2_fonts.o(.constdata), (1785 bytes).
    Removing u8g2_fonts.o(.constdata), (312 bytes).
    Removing u8g2_fonts.o(.constdata), (14449 bytes).
    Removing u8g2_fonts.o(.constdata), (4553 bytes).
    Removing u8g2_fonts.o(.constdata), (2114 bytes).
    Removing u8g2_fonts.o(.constdata), (332 bytes).
    Removing u8g2_fonts.o(.constdata), (17103 bytes).
    Removing u8g2_fonts.o(.constdata), (6825 bytes).
    Removing u8g2_fonts.o(.constdata), (8307 bytes).
    Removing u8g2_fonts.o(.constdata), (3660 bytes).
    Removing u8g2_fonts.o(.constdata), (7262 bytes).
    Removing u8g2_fonts.o(.constdata), (2691 bytes).
    Removing u8g2_fonts.o(.constdata), (3375 bytes).
    Removing u8g2_fonts.o(.constdata), (9881 bytes).
    Removing u8g2_fonts.o(.constdata), (3768 bytes).
    Removing u8g2_fonts.o(.constdata), (1272 bytes).
    Removing u8g2_fonts.o(.constdata), (11608 bytes).
    Removing u8g2_fonts.o(.constdata), (3768 bytes).
    Removing u8g2_fonts.o(.constdata), (11269 bytes).
    Removing u8g2_fonts.o(.constdata), (8568 bytes).
    Removing u8g2_fonts.o(.constdata), (9891 bytes).
    Removing u8g2_fonts.o(.constdata), (1667 bytes).
    Removing u8g2_fonts.o(.constdata), (2941 bytes).
    Removing u8g2_fonts.o(.constdata), (2774 bytes).
    Removing u8g2_fonts.o(.constdata), (4058 bytes).
    Removing u8g2_fonts.o(.constdata), (3405 bytes).
    Removing u8g2_fonts.o(.constdata), (4661 bytes).
    Removing u8g2_fonts.o(.constdata), (6989 bytes).
    Removing u8g2_fonts.o(.constdata), (8465 bytes).
    Removing u8g2_fonts.o(.constdata), (2490 bytes).
    Removing u8g2_fonts.o(.constdata), (3907 bytes).
    Removing u8g2_fonts.o(.constdata), (3773 bytes).
    Removing u8g2_fonts.o(.constdata), (6659 bytes).
    Removing u8g2_fonts.o(.constdata), (3997 bytes).
    Removing u8g2_fonts.o(.constdata), (4702 bytes).
    Removing u8g2_fonts.o(.constdata), (6241 bytes).
    Removing u8g2_fonts.o(.constdata), (23388 bytes).
    Removing u8g2_fonts.o(.constdata), (1561 bytes).
    Removing u8g2_fonts.o(.constdata), (5509 bytes).
    Removing u8g2_fonts.o(.constdata), (8925 bytes).
    Removing u8g2_fonts.o(.constdata), (8906 bytes).
    Removing u8g2_fonts.o(.constdata), (10867 bytes).
    Removing u8g2_fonts.o(.constdata), (4605 bytes).
    Removing u8g2_fonts.o(.constdata), (3442 bytes).
    Removing u8g2_fonts.o(.constdata), (1475 bytes).
    Removing u8g2_fonts.o(.constdata), (2764 bytes).
    Removing u8g2_fonts.o(.constdata), (888 bytes).
    Removing u8g2_fonts.o(.constdata), (13800 bytes).
    Removing u8g2_fonts.o(.constdata), (19894 bytes).
    Removing u8g2_fonts.o(.constdata), (36616 bytes).
    Removing u8g2_fonts.o(.constdata), (46631 bytes).
    Removing u8g2_fonts.o(.constdata), (87485 bytes).
    Removing u8g2_fonts.o(.constdata), (156770 bytes).
    Removing u8g2_fonts.o(.constdata), (14340 bytes).
    Removing u8g2_fonts.o(.constdata), (70293 bytes).
    Removing u8g2_fonts.o(.constdata), (4264 bytes).
    Removing u8g2_fonts.o(.constdata), (15225 bytes).
    Removing u8g2_fonts.o(.constdata), (5493 bytes).
    Removing u8g2_fonts.o(.constdata), (7447 bytes).
    Removing u8g2_fonts.o(.constdata), (12512 bytes).
    Removing u8g2_fonts.o(.constdata), (8769 bytes).
    Removing u8g2_fonts.o(.constdata), (12033 bytes).
    Removing u8g2_fonts.o(.constdata), (20473 bytes).
    Removing u8g2_fonts.o(.constdata), (9391 bytes).
    Removing u8g2_fonts.o(.constdata), (13526 bytes).
    Removing u8g2_fonts.o(.constdata), (13526 bytes).
    Removing u8g2_fonts.o(.constdata), (202690 bytes).
    Removing u8g2_fonts.o(.constdata), (109189 bytes).
    Removing u8g2_fonts.o(.constdata), (118722 bytes).
    Removing u8g2_fonts.o(.constdata), (10187 bytes).
    Removing u8g2_fonts.o(.constdata), (14676 bytes).
    Removing u8g2_fonts.o(.constdata), (14676 bytes).
    Removing u8g2_fonts.o(.constdata), (224825 bytes).
    Removing u8g2_fonts.o(.constdata), (119848 bytes).
    Removing u8g2_fonts.o(.constdata), (129199 bytes).
    Removing u8g2_fonts.o(.constdata), (11142 bytes).
    Removing u8g2_fonts.o(.constdata), (16082 bytes).
    Removing u8g2_fonts.o(.constdata), (16082 bytes).
    Removing u8g2_fonts.o(.constdata), (247515 bytes).
    Removing u8g2_fonts.o(.constdata), (131544 bytes).
    Removing u8g2_fonts.o(.constdata), (140887 bytes).
    Removing u8g2_fonts.o(.constdata), (12246 bytes).
    Removing u8g2_fonts.o(.constdata), (17625 bytes).
    Removing u8g2_fonts.o(.constdata), (17625 bytes).
    Removing u8g2_fonts.o(.constdata), (270959 bytes).
    Removing u8g2_fonts.o(.constdata), (144256 bytes).
    Removing u8g2_fonts.o(.constdata), (154779 bytes).
    Removing u8g2_fonts.o(.constdata), (13882 bytes).
    Removing u8g2_fonts.o(.constdata), (19943 bytes).
    Removing u8g2_fonts.o(.constdata), (19943 bytes).
    Removing u8g2_fonts.o(.constdata), (308472 bytes).
    Removing u8g2_fonts.o(.constdata), (163968 bytes).
    Removing u8g2_fonts.o(.constdata), (176162 bytes).
    Removing u8g2_fonts.o(.constdata), (24806 bytes).
    Removing u8g2_fonts.o(.constdata), (44615 bytes).
    Removing u8g2_fonts.o(.constdata), (25116 bytes).
    Removing u8g2_fonts.o(.constdata), (44861 bytes).
    Removing u8g2_fonts.o(.constdata), (23787 bytes).
    Removing u8g2_fonts.o(.constdata), (43456 bytes).
    Removing u8g2_fonts.o(.constdata), (24110 bytes).
    Removing u8g2_fonts.o(.constdata), (43744 bytes).
    Removing u8g2_fonts.o(.constdata), (33370 bytes).
    Removing u8g2_fonts.o(.constdata), (61968 bytes).
    Removing u8g2_fonts.o(.constdata), (109530 bytes).
    Removing u8g2_fonts.o(.constdata), (33244 bytes).
    Removing u8g2_fonts.o(.constdata), (60454 bytes).
    Removing u8g2_fonts.o(.constdata), (106381 bytes).
    Removing u8g2_fonts.o(.constdata), (32255 bytes).
    Removing u8g2_fonts.o(.constdata), (60738 bytes).
    Removing u8g2_fonts.o(.constdata), (32019 bytes).
    Removing u8g2_fonts.o(.constdata), (59113 bytes).
    Removing u8g2_fonts.o(.constdata), (47017 bytes).
    Removing u8g2_fonts.o(.constdata), (87699 bytes).
    Removing u8g2_fonts.o(.constdata), (156817 bytes).
    Removing u8g2_fonts.o(.constdata), (48598 bytes).
    Removing u8g2_fonts.o(.constdata), (90551 bytes).
    Removing u8g2_fonts.o(.constdata), (161990 bytes).
    Removing u8g2_fonts.o(.constdata), (45839 bytes).
    Removing u8g2_fonts.o(.constdata), (86521 bytes).
    Removing u8g2_fonts.o(.constdata), (47201 bytes).
    Removing u8g2_fonts.o(.constdata), (89154 bytes).
    Removing u8g2_fonts.o(.constdata), (1228 bytes).
    Removing u8g2_fonts.o(.constdata), (222 bytes).
    Removing u8g2_fonts.o(.constdata), (831 bytes).
    Removing u8g2_fonts.o(.constdata), (1169 bytes).
    Removing u8g2_fonts.o(.constdata), (222 bytes).
    Removing u8g2_fonts.o(.constdata), (823 bytes).
    Removing u8g2_fonts.o(.constdata), (1159 bytes).
    Removing u8g2_fonts.o(.constdata), (233 bytes).
    Removing u8g2_fonts.o(.constdata), (797 bytes).
    Removing u8g2_fonts.o(.constdata), (244 bytes).
    Removing u8g2_fonts.o(.constdata), (841 bytes).
    Removing u8g2_fonts.o(.constdata), (1127 bytes).
    Removing u8g2_fonts.o(.constdata), (234 bytes).
    Removing u8g2_fonts.o(.constdata), (768 bytes).
    Removing u8g2_fonts.o(.constdata), (1115 bytes).
    Removing u8g2_fonts.o(.constdata), (228 bytes).
    Removing u8g2_fonts.o(.constdata), (757 bytes).
    Removing u8g2_fonts.o(.constdata), (1095 bytes).
    Removing u8g2_fonts.o(.constdata), (227 bytes).
    Removing u8g2_fonts.o(.constdata), (737 bytes).
    Removing u8g2_fonts.o(.constdata), (2133 bytes).
    Removing u8g2_fonts.o(.constdata), (978 bytes).
    Removing u8g2_fonts.o(.constdata), (195 bytes).
    Removing u8g2_fonts.o(.constdata), (2914 bytes).
    Removing u8g2_fonts.o(.constdata), (1339 bytes).
    Removing u8g2_fonts.o(.constdata), (231 bytes).
    Removing u8g2_fonts.o(.constdata), (3185 bytes).
    Removing u8g2_fonts.o(.constdata), (1463 bytes).
    Removing u8g2_fonts.o(.constdata), (260 bytes).
    Removing u8g2_fonts.o(.constdata), (3651 bytes).
    Removing u8g2_fonts.o(.constdata), (1701 bytes).
    Removing u8g2_fonts.o(.constdata), (283 bytes).
    Removing u8g2_fonts.o(.constdata), (4855 bytes).
    Removing u8g2_fonts.o(.constdata), (2243 bytes).
    Removing u8g2_fonts.o(.constdata), (360 bytes).
    Removing u8g2_fonts.o(.constdata), (6577 bytes).
    Removing u8g2_fonts.o(.constdata), (2983 bytes).
    Removing u8g2_fonts.o(.constdata), (468 bytes).
    Removing u8g2_fonts.o(.constdata), (2006 bytes).
    Removing u8g2_fonts.o(.constdata), (966 bytes).
    Removing u8g2_fonts.o(.constdata), (195 bytes).
    Removing u8g2_fonts.o(.constdata), (2863 bytes).
    Removing u8g2_fonts.o(.constdata), (1304 bytes).
    Removing u8g2_fonts.o(.constdata), (236 bytes).
    Removing u8g2_fonts.o(.constdata), (3067 bytes).
    Removing u8g2_fonts.o(.constdata), (1415 bytes).
    Removing u8g2_fonts.o(.constdata), (249 bytes).
    Removing u8g2_fonts.o(.constdata), (3501 bytes).
    Removing u8g2_fonts.o(.constdata), (1626 bytes).
    Removing u8g2_fonts.o(.constdata), (274 bytes).
    Removing u8g2_fonts.o(.constdata), (4552 bytes).
    Removing u8g2_fonts.o(.constdata), (2077 bytes).
    Removing u8g2_fonts.o(.constdata), (331 bytes).
    Removing u8g2_fonts.o(.constdata), (6046 bytes).
    Removing u8g2_fonts.o(.constdata), (2743 bytes).
    Removing u8g2_fonts.o(.constdata), (430 bytes).
    Removing u8g2_fonts.o(.constdata), (2190 bytes).
    Removing u8g2_fonts.o(.constdata), (1028 bytes).
    Removing u8g2_fonts.o(.constdata), (196 bytes).
    Removing u8g2_fonts.o(.constdata), (5890 bytes).
    Removing u8g2_fonts.o(.constdata), (2872 bytes).
    Removing u8g2_fonts.o(.constdata), (1333 bytes).
    Removing u8g2_fonts.o(.constdata), (239 bytes).
    Removing u8g2_fonts.o(.constdata), (7617 bytes).
    Removing u8g2_fonts.o(.constdata), (3275 bytes).
    Removing u8g2_fonts.o(.constdata), (1509 bytes).
    Removing u8g2_fonts.o(.constdata), (262 bytes).
    Removing u8g2_fonts.o(.constdata), (8665 bytes).
    Removing u8g2_fonts.o(.constdata), (3681 bytes).
    Removing u8g2_fonts.o(.constdata), (1697 bytes).
    Removing u8g2_fonts.o(.constdata), (287 bytes).
    Removing u8g2_fonts.o(.constdata), (9788 bytes).
    Removing u8g2_fonts.o(.constdata), (4949 bytes).
    Removing u8g2_fonts.o(.constdata), (2252 bytes).
    Removing u8g2_fonts.o(.constdata), (389 bytes).
    Removing u8g2_fonts.o(.constdata), (12655 bytes).
    Removing u8g2_fonts.o(.constdata), (6566 bytes).
    Removing u8g2_fonts.o(.constdata), (2965 bytes).
    Removing u8g2_fonts.o(.constdata), (461 bytes).
    Removing u8g2_fonts.o(.constdata), (17040 bytes).
    Removing u8g2_fonts.o(.constdata), (2180 bytes).
    Removing u8g2_fonts.o(.constdata), (1041 bytes).
    Removing u8g2_fonts.o(.constdata), (197 bytes).
    Removing u8g2_fonts.o(.constdata), (5694 bytes).
    Removing u8g2_fonts.o(.constdata), (2772 bytes).
    Removing u8g2_fonts.o(.constdata), (1289 bytes).
    Removing u8g2_fonts.o(.constdata), (233 bytes).
    Removing u8g2_fonts.o(.constdata), (7329 bytes).
    Removing u8g2_fonts.o(.constdata), (3185 bytes).
    Removing u8g2_fonts.o(.constdata), (1465 bytes).
    Removing u8g2_fonts.o(.constdata), (258 bytes).
    Removing u8g2_fonts.o(.constdata), (8373 bytes).
    Removing u8g2_fonts.o(.constdata), (3738 bytes).
    Removing u8g2_fonts.o(.constdata), (1698 bytes).
    Removing u8g2_fonts.o(.constdata), (268 bytes).
    Removing u8g2_fonts.o(.constdata), (9820 bytes).
    Removing u8g2_fonts.o(.constdata), (4895 bytes).
    Removing u8g2_fonts.o(.constdata), (2240 bytes).
    Removing u8g2_fonts.o(.constdata), (388 bytes).
    Removing u8g2_fonts.o(.constdata), (12571 bytes).
    Removing u8g2_fonts.o(.constdata), (6839 bytes).
    Removing u8g2_fonts.o(.constdata), (3160 bytes).
    Removing u8g2_fonts.o(.constdata), (494 bytes).
    Removing u8g2_fonts.o(.constdata), (17926 bytes).
    Removing u8g2_fonts.o(.constdata), (2465 bytes).
    Removing u8g2_fonts.o(.constdata), (1166 bytes).
    Removing u8g2_fonts.o(.constdata), (196 bytes).
    Removing u8g2_fonts.o(.constdata), (6593 bytes).
    Removing u8g2_fonts.o(.constdata), (3358 bytes).
    Removing u8g2_fonts.o(.constdata), (1559 bytes).
    Removing u8g2_fonts.o(.constdata), (238 bytes).
    Removing u8g2_fonts.o(.constdata), (9232 bytes).
    Removing u8g2_fonts.o(.constdata), (3863 bytes).
    Removing u8g2_fonts.o(.constdata), (1806 bytes).
    Removing u8g2_fonts.o(.constdata), (303 bytes).
    Removing u8g2_fonts.o(.constdata), (10378 bytes).
    Removing u8g2_fonts.o(.constdata), (4481 bytes).
    Removing u8g2_fonts.o(.constdata), (2088 bytes).
    Removing u8g2_fonts.o(.constdata), (323 bytes).
    Removing u8g2_fonts.o(.constdata), (12080 bytes).
    Removing u8g2_fonts.o(.constdata), (5939 bytes).
    Removing u8g2_fonts.o(.constdata), (2740 bytes).
    Removing u8g2_fonts.o(.constdata), (428 bytes).
    Removing u8g2_fonts.o(.constdata), (16026 bytes).
    Removing u8g2_fonts.o(.constdata), (8197 bytes).
    Removing u8g2_fonts.o(.constdata), (3778 bytes).
    Removing u8g2_fonts.o(.constdata), (548 bytes).
    Removing u8g2_fonts.o(.constdata), (22208 bytes).
    Removing u8g2_fonts.o(.constdata), (2279 bytes).
    Removing u8g2_fonts.o(.constdata), (1080 bytes).
    Removing u8g2_fonts.o(.constdata), (185 bytes).
    Removing u8g2_fonts.o(.constdata), (6173 bytes).
    Removing u8g2_fonts.o(.constdata), (3318 bytes).
    Removing u8g2_fonts.o(.constdata), (1567 bytes).
    Removing u8g2_fonts.o(.constdata), (238 bytes).
    Removing u8g2_fonts.o(.constdata), (9017 bytes).
    Removing u8g2_fonts.o(.constdata), (3672 bytes).
    Removing u8g2_fonts.o(.constdata), (1724 bytes).
    Removing u8g2_fonts.o(.constdata), (279 bytes).
    Removing u8g2_fonts.o(.constdata), (9886 bytes).
    Removing u8g2_fonts.o(.constdata), (4396 bytes).
    Removing u8g2_fonts.o(.constdata), (2049 bytes).
    Removing u8g2_fonts.o(.constdata), (309 bytes).
    Removing u8g2_fonts.o(.constdata), (11660 bytes).
    Removing u8g2_fonts.o(.constdata), (5617 bytes).
    Removing u8g2_fonts.o(.constdata), (2603 bytes).
    Removing u8g2_fonts.o(.constdata), (401 bytes).
    Removing u8g2_fonts.o(.constdata), (14756 bytes).
    Removing u8g2_fonts.o(.constdata), (7969 bytes).
    Removing u8g2_fonts.o(.constdata), (3715 bytes).
    Removing u8g2_fonts.o(.constdata), (537 bytes).
    Removing u8g2_fonts.o(.constdata), (21565 bytes).
    Removing u8g2_fonts.o(.constdata), (2202 bytes).
    Removing u8g2_fonts.o(.constdata), (1036 bytes).
    Removing u8g2_fonts.o(.constdata), (180 bytes).
    Removing u8g2_fonts.o(.constdata), (3021 bytes).
    Removing u8g2_fonts.o(.constdata), (1405 bytes).
    Removing u8g2_fonts.o(.constdata), (231 bytes).
    Removing u8g2_fonts.o(.constdata), (3413 bytes).
    Removing u8g2_fonts.o(.constdata), (1593 bytes).
    Removing u8g2_fonts.o(.constdata), (256 bytes).
    Removing u8g2_fonts.o(.constdata), (3832 bytes).
    Removing u8g2_fonts.o(.constdata), (1774 bytes).
    Removing u8g2_fonts.o(.constdata), (287 bytes).
    Removing u8g2_fonts.o(.constdata), (5401 bytes).
    Removing u8g2_fonts.o(.constdata), (2524 bytes).
    Removing u8g2_fonts.o(.constdata), (414 bytes).
    Removing u8g2_fonts.o(.constdata), (7489 bytes).
    Removing u8g2_fonts.o(.constdata), (3408 bytes).
    Removing u8g2_fonts.o(.constdata), (499 bytes).
    Removing u8g2_fonts.o(.constdata), (2090 bytes).
    Removing u8g2_fonts.o(.constdata), (995 bytes).
    Removing u8g2_fonts.o(.constdata), (180 bytes).
    Removing u8g2_fonts.o(.constdata), (2948 bytes).
    Removing u8g2_fonts.o(.constdata), (1361 bytes).
    Removing u8g2_fonts.o(.constdata), (226 bytes).
    Removing u8g2_fonts.o(.constdata), (3315 bytes).
    Removing u8g2_fonts.o(.constdata), (1530 bytes).
    Removing u8g2_fonts.o(.constdata), (244 bytes).
    Removing u8g2_fonts.o(.constdata), (3951 bytes).
    Removing u8g2_fonts.o(.constdata), (1839 bytes).
    Removing u8g2_fonts.o(.constdata), (285 bytes).
    Removing u8g2_fonts.o(.constdata), (5164 bytes).
    Removing u8g2_fonts.o(.constdata), (2411 bytes).
    Removing u8g2_fonts.o(.constdata), (363 bytes).
    Removing u8g2_fonts.o(.constdata), (7309 bytes).
    Removing u8g2_fonts.o(.constdata), (3337 bytes).
    Removing u8g2_fonts.o(.constdata), (484 bytes).
    Removing u8g2_fonts.o(.constdata), (2637 bytes).
    Removing u8g2_fonts.o(.constdata), (1258 bytes).
    Removing u8g2_fonts.o(.constdata), (221 bytes).
    Removing u8g2_fonts.o(.constdata), (7022 bytes).
    Removing u8g2_fonts.o(.constdata), (3143 bytes).
    Removing u8g2_fonts.o(.constdata), (1488 bytes).
    Removing u8g2_fonts.o(.constdata), (256 bytes).
    Removing u8g2_fonts.o(.constdata), (8438 bytes).
    Removing u8g2_fonts.o(.constdata), (3999 bytes).
    Removing u8g2_fonts.o(.constdata), (1896 bytes).
    Removing u8g2_fonts.o(.constdata), (314 bytes).
    Removing u8g2_fonts.o(.constdata), (10555 bytes).
    Removing u8g2_fonts.o(.constdata), (4540 bytes).
    Removing u8g2_fonts.o(.constdata), (2125 bytes).
    Removing u8g2_fonts.o(.constdata), (342 bytes).
    Removing u8g2_fonts.o(.constdata), (11799 bytes).
    Removing u8g2_fonts.o(.constdata), (5660 bytes).
    Removing u8g2_fonts.o(.constdata), (2597 bytes).
    Removing u8g2_fonts.o(.constdata), (427 bytes).
    Removing u8g2_fonts.o(.constdata), (14873 bytes).
    Removing u8g2_fonts.o(.constdata), (6081 bytes).
    Removing u8g2_fonts.o(.constdata), (2780 bytes).
    Removing u8g2_fonts.o(.constdata), (443 bytes).
    Removing u8g2_fonts.o(.constdata), (15999 bytes).
    Removing u8g2_fonts.o(.constdata), (8164 bytes).
    Removing u8g2_fonts.o(.constdata), (3798 bytes).
    Removing u8g2_fonts.o(.constdata), (571 bytes).
    Removing u8g2_fonts.o(.constdata), (21363 bytes).
    Removing u8g2_fonts.o(.constdata), (2788 bytes).
    Removing u8g2_fonts.o(.constdata), (1324 bytes).
    Removing u8g2_fonts.o(.constdata), (234 bytes).
    Removing u8g2_fonts.o(.constdata), (6892 bytes).
    Removing u8g2_fonts.o(.constdata), (3353 bytes).
    Removing u8g2_fonts.o(.constdata), (1599 bytes).
    Removing u8g2_fonts.o(.constdata), (283 bytes).
    Removing u8g2_fonts.o(.constdata), (8337 bytes).
    Removing u8g2_fonts.o(.constdata), (4283 bytes).
    Removing u8g2_fonts.o(.constdata), (2036 bytes).
    Removing u8g2_fonts.o(.constdata), (341 bytes).
    Removing u8g2_fonts.o(.constdata), (10456 bytes).
    Removing u8g2_fonts.o(.constdata), (5067 bytes).
    Removing u8g2_fonts.o(.constdata), (2368 bytes).
    Removing u8g2_fonts.o(.constdata), (384 bytes).
    Removing u8g2_fonts.o(.constdata), (12277 bytes).
    Removing u8g2_fonts.o(.constdata), (6167 bytes).
    Removing u8g2_fonts.o(.constdata), (2861 bytes).
    Removing u8g2_fonts.o(.constdata), (461 bytes).
    Removing u8g2_fonts.o(.constdata), (15117 bytes).
    Removing u8g2_fonts.o(.constdata), (6461 bytes).
    Removing u8g2_fonts.o(.constdata), (2976 bytes).
    Removing u8g2_fonts.o(.constdata), (475 bytes).
    Removing u8g2_fonts.o(.constdata), (15830 bytes).
    Removing u8g2_fonts.o(.constdata), (9300 bytes).
    Removing u8g2_fonts.o(.constdata), (4334 bytes).
    Removing u8g2_fonts.o(.constdata), (665 bytes).
    Removing u8g2_fonts.o(.constdata), (22784 bytes).
    Removing u8g2_fonts.o(.constdata), (2730 bytes).
    Removing u8g2_fonts.o(.constdata), (1303 bytes).
    Removing u8g2_fonts.o(.constdata), (236 bytes).
    Removing u8g2_fonts.o(.constdata), (6756 bytes).
    Removing u8g2_fonts.o(.constdata), (3217 bytes).
    Removing u8g2_fonts.o(.constdata), (1534 bytes).
    Removing u8g2_fonts.o(.constdata), (275 bytes).
    Removing u8g2_fonts.o(.constdata), (8036 bytes).
    Removing u8g2_fonts.o(.constdata), (4161 bytes).
    Removing u8g2_fonts.o(.constdata), (1982 bytes).
    Removing u8g2_fonts.o(.constdata), (335 bytes).
    Removing u8g2_fonts.o(.constdata), (10199 bytes).
    Removing u8g2_fonts.o(.constdata), (4968 bytes).
    Removing u8g2_fonts.o(.constdata), (2328 bytes).
    Removing u8g2_fonts.o(.constdata), (367 bytes).
    Removing u8g2_fonts.o(.constdata), (12137 bytes).
    Removing u8g2_fonts.o(.constdata), (6004 bytes).
    Removing u8g2_fonts.o(.constdata), (2790 bytes).
    Removing u8g2_fonts.o(.constdata), (444 bytes).
    Removing u8g2_fonts.o(.constdata), (14770 bytes).
    Removing u8g2_fonts.o(.constdata), (6326 bytes).
    Removing u8g2_fonts.o(.constdata), (2953 bytes).
    Removing u8g2_fonts.o(.constdata), (470 bytes).
    Removing u8g2_fonts.o(.constdata), (15506 bytes).
    Removing u8g2_fonts.o(.constdata), (9064 bytes).
    Removing u8g2_fonts.o(.constdata), (4208 bytes).
    Removing u8g2_fonts.o(.constdata), (634 bytes).
    Removing u8g2_fonts.o(.constdata), (21878 bytes).
    Removing u8g2_fonts.o(.constdata), (2627 bytes).
    Removing u8g2_fonts.o(.constdata), (1288 bytes).
    Removing u8g2_fonts.o(.constdata), (234 bytes).
    Removing u8g2_fonts.o(.constdata), (6455 bytes).
    Removing u8g2_fonts.o(.constdata), (3255 bytes).
    Removing u8g2_fonts.o(.constdata), (1576 bytes).
    Removing u8g2_fonts.o(.constdata), (281 bytes).
    Removing u8g2_fonts.o(.constdata), (8002 bytes).
    Removing u8g2_fonts.o(.constdata), (4044 bytes).
    Removing u8g2_fonts.o(.constdata), (1925 bytes).
    Removing u8g2_fonts.o(.constdata), (344 bytes).
    Removing u8g2_fonts.o(.constdata), (9891 bytes).
    Removing u8g2_fonts.o(.constdata), (4874 bytes).
    Removing u8g2_fonts.o(.constdata), (2324 bytes).
    Removing u8g2_fonts.o(.constdata), (376 bytes).
    Removing u8g2_fonts.o(.constdata), (11803 bytes).
    Removing u8g2_fonts.o(.constdata), (5977 bytes).
    Removing u8g2_fonts.o(.constdata), (2806 bytes).
    Removing u8g2_fonts.o(.constdata), (451 bytes).
    Removing u8g2_fonts.o(.constdata), (14571 bytes).
    Removing u8g2_fonts.o(.constdata), (6354 bytes).
    Removing u8g2_fonts.o(.constdata), (2989 bytes).
    Removing u8g2_fonts.o(.constdata), (495 bytes).
    Removing u8g2_fonts.o(.constdata), (15506 bytes).
    Removing u8g2_fonts.o(.constdata), (8873 bytes).
    Removing u8g2_fonts.o(.constdata), (4160 bytes).
    Removing u8g2_fonts.o(.constdata), (664 bytes).
    Removing u8g2_fonts.o(.constdata), (21636 bytes).
    Removing u8g2_fonts.o(.constdata), (2530 bytes).
    Removing u8g2_fonts.o(.constdata), (1228 bytes).
    Removing u8g2_fonts.o(.constdata), (216 bytes).
    Removing u8g2_fonts.o(.constdata), (6672 bytes).
    Removing u8g2_fonts.o(.constdata), (2951 bytes).
    Removing u8g2_fonts.o(.constdata), (1428 bytes).
    Removing u8g2_fonts.o(.constdata), (252 bytes).
    Removing u8g2_fonts.o(.constdata), (7879 bytes).
    Removing u8g2_fonts.o(.constdata), (3847 bytes).
    Removing u8g2_fonts.o(.constdata), (1849 bytes).
    Removing u8g2_fonts.o(.constdata), (302 bytes).
    Removing u8g2_fonts.o(.constdata), (10074 bytes).
    Removing u8g2_fonts.o(.constdata), (4597 bytes).
    Removing u8g2_fonts.o(.constdata), (2163 bytes).
    Removing u8g2_fonts.o(.constdata), (337 bytes).
    Removing u8g2_fonts.o(.constdata), (12011 bytes).
    Removing u8g2_fonts.o(.constdata), (5536 bytes).
    Removing u8g2_fonts.o(.constdata), (2563 bytes).
    Removing u8g2_fonts.o(.constdata), (391 bytes).
    Removing u8g2_fonts.o(.constdata), (14491 bytes).
    Removing u8g2_fonts.o(.constdata), (5781 bytes).
    Removing u8g2_fonts.o(.constdata), (2696 bytes).
    Removing u8g2_fonts.o(.constdata), (413 bytes).
    Removing u8g2_fonts.o(.constdata), (15174 bytes).
    Removing u8g2_fonts.o(.constdata), (8101 bytes).
    Removing u8g2_fonts.o(.constdata), (3785 bytes).
    Removing u8g2_fonts.o(.constdata), (548 bytes).
    Removing u8g2_fonts.o(.constdata), (21247 bytes).
    Removing u8g2_fonts.o(.constdata), (2302 bytes).
    Removing u8g2_fonts.o(.constdata), (1122 bytes).
    Removing u8g2_fonts.o(.constdata), (219 bytes).
    Removing u8g2_fonts.o(.constdata), (5956 bytes).
    Removing u8g2_fonts.o(.constdata), (2829 bytes).
    Removing u8g2_fonts.o(.constdata), (1360 bytes).
    Removing u8g2_fonts.o(.constdata), (247 bytes).
    Removing u8g2_fonts.o(.constdata), (7358 bytes).
    Removing u8g2_fonts.o(.constdata), (3437 bytes).
    Removing u8g2_fonts.o(.constdata), (1647 bytes).
    Removing u8g2_fonts.o(.constdata), (294 bytes).
    Removing u8g2_fonts.o(.constdata), (8935 bytes).
    Removing u8g2_fonts.o(.constdata), (4171 bytes).
    Removing u8g2_fonts.o(.constdata), (1990 bytes).
    Removing u8g2_fonts.o(.constdata), (343 bytes).
    Removing u8g2_fonts.o(.constdata), (10541 bytes).
    Removing u8g2_fonts.o(.constdata), (4895 bytes).
    Removing u8g2_fonts.o(.constdata), (2312 bytes).
    Removing u8g2_fonts.o(.constdata), (411 bytes).
    Removing u8g2_fonts.o(.constdata), (12504 bytes).
    Removing u8g2_fonts.o(.constdata), (5077 bytes).
    Removing u8g2_fonts.o(.constdata), (2414 bytes).
    Removing u8g2_fonts.o(.constdata), (417 bytes).
    Removing u8g2_fonts.o(.constdata), (12937 bytes).
    Removing u8g2_fonts.o(.constdata), (7064 bytes).
    Removing u8g2_fonts.o(.constdata), (3295 bytes).
    Removing u8g2_fonts.o(.constdata), (559 bytes).
    Removing u8g2_fonts.o(.constdata), (18324 bytes).
    Removing u8g2_fonts.o(.constdata), (2528 bytes).
    Removing u8g2_fonts.o(.constdata), (1231 bytes).
    Removing u8g2_fonts.o(.constdata), (220 bytes).
    Removing u8g2_fonts.o(.constdata), (6165 bytes).
    Removing u8g2_fonts.o(.constdata), (3105 bytes).
    Removing u8g2_fonts.o(.constdata), (1480 bytes).
    Removing u8g2_fonts.o(.constdata), (266 bytes).
    Removing u8g2_fonts.o(.constdata), (7664 bytes).
    Removing u8g2_fonts.o(.constdata), (3957 bytes).
    Removing u8g2_fonts.o(.constdata), (1850 bytes).
    Removing u8g2_fonts.o(.constdata), (317 bytes).
    Removing u8g2_fonts.o(.constdata), (9753 bytes).
    Removing u8g2_fonts.o(.constdata), (4826 bytes).
    Removing u8g2_fonts.o(.constdata), (2253 bytes).
    Removing u8g2_fonts.o(.constdata), (359 bytes).
    Removing u8g2_fonts.o(.constdata), (11757 bytes).
    Removing u8g2_fonts.o(.constdata), (5864 bytes).
    Removing u8g2_fonts.o(.constdata), (2736 bytes).
    Removing u8g2_fonts.o(.constdata), (432 bytes).
    Removing u8g2_fonts.o(.constdata), (14224 bytes).
    Removing u8g2_fonts.o(.constdata), (6124 bytes).
    Removing u8g2_fonts.o(.constdata), (2867 bytes).
    Removing u8g2_fonts.o(.constdata), (450 bytes).
    Removing u8g2_fonts.o(.constdata), (14896 bytes).
    Removing u8g2_fonts.o(.constdata), (8604 bytes).
    Removing u8g2_fonts.o(.constdata), (4011 bytes).
    Removing u8g2_fonts.o(.constdata), (618 bytes).
    Removing u8g2_fonts.o(.constdata), (21253 bytes).
    Removing u8g2_fonts.o(.constdata), (2248 bytes).
    Removing u8g2_fonts.o(.constdata), (1079 bytes).
    Removing u8g2_fonts.o(.constdata), (212 bytes).
    Removing u8g2_fonts.o(.constdata), (5866 bytes).
    Removing u8g2_fonts.o(.constdata), (2702 bytes).
    Removing u8g2_fonts.o(.constdata), (1295 bytes).
    Removing u8g2_fonts.o(.constdata), (244 bytes).
    Removing u8g2_fonts.o(.constdata), (7082 bytes).
    Removing u8g2_fonts.o(.constdata), (3288 bytes).
    Removing u8g2_fonts.o(.constdata), (1530 bytes).
    Removing u8g2_fonts.o(.constdata), (285 bytes).
    Removing u8g2_fonts.o(.constdata), (8547 bytes).
    Removing u8g2_fonts.o(.constdata), (3993 bytes).
    Removing u8g2_fonts.o(.constdata), (1877 bytes).
    Removing u8g2_fonts.o(.constdata), (324 bytes).
    Removing u8g2_fonts.o(.constdata), (10322 bytes).
    Removing u8g2_fonts.o(.constdata), (4861 bytes).
    Removing u8g2_fonts.o(.constdata), (2273 bytes).
    Removing u8g2_fonts.o(.constdata), (390 bytes).
    Removing u8g2_fonts.o(.constdata), (12406 bytes).
    Removing u8g2_fonts.o(.constdata), (5069 bytes).
    Removing u8g2_fonts.o(.constdata), (2379 bytes).
    Removing u8g2_fonts.o(.constdata), (413 bytes).
    Removing u8g2_fonts.o(.constdata), (12955 bytes).
    Removing u8g2_fonts.o(.constdata), (6914 bytes).
    Removing u8g2_fonts.o(.constdata), (3228 bytes).
    Removing u8g2_fonts.o(.constdata), (542 bytes).
    Removing u8g2_fonts.o(.constdata), (17821 bytes).
    Removing u8g2_fonts.o(.constdata), (1712 bytes).
    Removing u8g2_fonts.o(.constdata), (771 bytes).
    Removing u8g2_fonts.o(.constdata), (160 bytes).
    Removing u8g2_fonts.o(.constdata), (540 bytes).
    Removing u8g2_fonts.o(.constdata), (124 bytes).
    Removing u8g2_fonts.o(.constdata), (1801 bytes).
    Removing u8g2_fonts.o(.constdata), (827 bytes).
    Removing u8g2_fonts.o(.constdata), (169 bytes).
    Removing u8g2_fonts.o(.constdata), (1731 bytes).
    Removing u8g2_fonts.o(.constdata), (901 bytes).
    Removing u8g2_fonts.o(.constdata), (193 bytes).
    Removing u8g2_fonts.o(.constdata), (743 bytes).
    Removing u8g2_fonts.o(.constdata), (668 bytes).
    Removing u8g2_fonts.o(.constdata), (140 bytes).
    Removing u8g2_fonts.o(.constdata), (705 bytes).
    Removing u8g2_fonts.o(.constdata), (144 bytes).
    Removing u8g2_fonts.o(.constdata), (942 bytes).
    Removing u8g2_fonts.o(.constdata), (739 bytes).
    Removing u8g2_fonts.o(.constdata), (148 bytes).
    Removing u8g2_fonts.o(.constdata), (764 bytes).
    Removing u8g2_fonts.o(.constdata), (681 bytes).
    Removing u8g2_fonts.o(.constdata), (141 bytes).
    Removing u8g2_fonts.o(.constdata), (935 bytes).
    Removing u8g2_fonts.o(.constdata), (192 bytes).
    Removing u8g2_fonts.o(.constdata), (1696 bytes).
    Removing u8g2_fonts.o(.constdata), (3085 bytes).
    Removing u8g2_fonts.o(.constdata), (610 bytes).
    Removing u8g2_fonts.o(.constdata), (5259 bytes).
    Removing u8g2_fonts.o(.constdata), (3203 bytes).
    Removing u8g2_fonts.o(.constdata), (494 bytes).
    Removing u8g2_fonts.o(.constdata), (9568 bytes).
    Removing u8g2_fonts.o(.constdata), (4190 bytes).
    Removing u8g2_fonts.o(.constdata), (676 bytes).
    Removing u8g2_fonts.o(.constdata), (24692 bytes).
    Removing u8g2_fonts.o(.constdata), (2284 bytes).
    Removing u8g2_fonts.o(.constdata), (1890 bytes).
    Removing u8g2_fonts.o(.constdata), (372 bytes).
    Removing u8g2_fonts.o(.constdata), (1544 bytes).
    Removing u8g2_fonts.o(.constdata), (1290 bytes).
    Removing u8g2_fonts.o(.constdata), (237 bytes).
    Removing u8g2_fonts.o(.constdata), (5260 bytes).
    Removing u8g2_fonts.o(.constdata), (2434 bytes).
    Removing u8g2_fonts.o(.constdata), (378 bytes).
    Removing u8g2_fonts.o(.constdata), (13947 bytes).
    Removing u8g2_fonts.o(.constdata), (1505 bytes).
    Removing u8g2_fonts.o(.constdata), (3450 bytes).
    Removing u8g2_fonts.o(.constdata), (1658 bytes).
    Removing u8g2_fonts.o(.constdata), (335 bytes).
    Removing u8g2_fonts.o(.constdata), (3556 bytes).
    Removing u8g2_fonts.o(.constdata), (4618 bytes).
    Removing u8g2_fonts.o(.constdata), (2249 bytes).
    Removing u8g2_fonts.o(.constdata), (404 bytes).
    Removing u8g2_fonts.o(.constdata), (4759 bytes).
    Removing u8g2_fonts.o(.constdata), (3160 bytes).
    Removing u8g2_fonts.o(.constdata), (1487 bytes).
    Removing u8g2_fonts.o(.constdata), (271 bytes).
    Removing u8g2_fonts.o(.constdata), (3999 bytes).
    Removing u8g2_fonts.o(.constdata), (1846 bytes).
    Removing u8g2_fonts.o(.constdata), (332 bytes).
    Removing u8g2_fonts.o(.constdata), (4718 bytes).
    Removing u8g2_fonts.o(.constdata), (2190 bytes).
    Removing u8g2_fonts.o(.constdata), (377 bytes).
    Removing u8g2_fonts.o(.constdata), (5433 bytes).
    Removing u8g2_fonts.o(.constdata), (2512 bytes).
    Removing u8g2_fonts.o(.constdata), (445 bytes).
    Removing u8g2_fonts.o(.constdata), (7188 bytes).
    Removing u8g2_fonts.o(.constdata), (3284 bytes).
    Removing u8g2_fonts.o(.constdata), (548 bytes).
    Removing u8g2_fonts.o(.constdata), (8930 bytes).
    Removing u8g2_fonts.o(.constdata), (4066 bytes).
    Removing u8g2_fonts.o(.constdata), (676 bytes).
    Removing u8g2_fonts.o(.constdata), (10412 bytes).
    Removing u8g2_fonts.o(.constdata), (4779 bytes).
    Removing u8g2_fonts.o(.constdata), (805 bytes).
    Removing u8g2_fonts.o(.constdata), (12517 bytes).
    Removing u8g2_fonts.o(.constdata), (5693 bytes).
    Removing u8g2_fonts.o(.constdata), (920 bytes).
    Removing u8g2_fonts.o(.constdata), (1141 bytes).
    Removing u8g2_fonts.o(.constdata), (815 bytes).
    Removing u8g2_fonts.o(.constdata), (1032 bytes).
    Removing u8g2_fonts.o(.constdata), (1198 bytes).
    Removing u8g2_fonts.o(.constdata), (1452 bytes).
    Removing u8g2_fonts.o(.constdata), (1892 bytes).
    Removing u8g2_fonts.o(.constdata), (2267 bytes).
    Removing u8g2_fonts.o(.constdata), (2721 bytes).
    Removing u8g2_fonts.o(.constdata), (3116 bytes).
    Removing u8g2_fonts.o(.constdata), (3822 bytes).
    Removing u8g2_fonts.o(.constdata), (3038 bytes).
    Removing u8g2_fonts.o(.constdata), (1428 bytes).
    Removing u8g2_fonts.o(.constdata), (259 bytes).
    Removing u8g2_fonts.o(.constdata), (3906 bytes).
    Removing u8g2_fonts.o(.constdata), (1801 bytes).
    Removing u8g2_fonts.o(.constdata), (321 bytes).
    Removing u8g2_fonts.o(.constdata), (4636 bytes).
    Removing u8g2_fonts.o(.constdata), (2165 bytes).
    Removing u8g2_fonts.o(.constdata), (379 bytes).
    Removing u8g2_fonts.o(.constdata), (5444 bytes).
    Removing u8g2_fonts.o(.constdata), (2514 bytes).
    Removing u8g2_fonts.o(.constdata), (430 bytes).
    Removing u8g2_fonts.o(.constdata), (7317 bytes).
    Removing u8g2_fonts.o(.constdata), (3338 bytes).
    Removing u8g2_fonts.o(.constdata), (555 bytes).
    Removing u8g2_fonts.o(.constdata), (8797 bytes).
    Removing u8g2_fonts.o(.constdata), (4026 bytes).
    Removing u8g2_fonts.o(.constdata), (660 bytes).
    Removing u8g2_fonts.o(.constdata), (10388 bytes).
    Removing u8g2_fonts.o(.constdata), (4786 bytes).
    Removing u8g2_fonts.o(.constdata), (780 bytes).
    Removing u8g2_fonts.o(.constdata), (12870 bytes).
    Removing u8g2_fonts.o(.constdata), (5849 bytes).
    Removing u8g2_fonts.o(.constdata), (933 bytes).
    Removing u8g2_fonts.o(.constdata), (1157 bytes).
    Removing u8g2_fonts.o(.constdata), (813 bytes).
    Removing u8g2_fonts.o(.constdata), (1004 bytes).
    Removing u8g2_fonts.o(.constdata), (1186 bytes).
    Removing u8g2_fonts.o(.constdata), (1434 bytes).
    Removing u8g2_fonts.o(.constdata), (1834 bytes).
    Removing u8g2_fonts.o(.constdata), (2238 bytes).
    Removing u8g2_fonts.o(.constdata), (2635 bytes).
    Removing u8g2_fonts.o(.constdata), (3049 bytes).
    Removing u8g2_fonts.o(.constdata), (3747 bytes).
    Removing u8g2_fonts.o(.constdata), (5811 bytes).
    Removing u8g2_fonts.o(.constdata), (2724 bytes).
    Removing u8g2_fonts.o(.constdata), (483 bytes).
    Removing u8g2_fonts.o(.constdata), (6849 bytes).
    Removing u8g2_fonts.o(.constdata), (3210 bytes).
    Removing u8g2_fonts.o(.constdata), (564 bytes).
    Removing u8g2_fonts.o(.constdata), (8645 bytes).
    Removing u8g2_fonts.o(.constdata), (4017 bytes).
    Removing u8g2_fonts.o(.constdata), (680 bytes).
    Removing u8g2_fonts.o(.constdata), (9807 bytes).
    Removing u8g2_fonts.o(.constdata), (4534 bytes).
    Removing u8g2_fonts.o(.constdata), (750 bytes).
    Removing u8g2_fonts.o(.constdata), (12564 bytes).
    Removing u8g2_fonts.o(.constdata), (5892 bytes).
    Removing u8g2_fonts.o(.constdata), (990 bytes).
    Removing u8g2_fonts.o(.constdata), (15152 bytes).
    Removing u8g2_fonts.o(.constdata), (7032 bytes).
    Removing u8g2_fonts.o(.constdata), (1185 bytes).
    Removing u8g2_fonts.o(.constdata), (5874 bytes).
    Removing u8g2_fonts.o(.constdata), (2765 bytes).
    Removing u8g2_fonts.o(.constdata), (445 bytes).
    Removing u8g2_fonts.o(.constdata), (6849 bytes).
    Removing u8g2_fonts.o(.constdata), (3234 bytes).
    Removing u8g2_fonts.o(.constdata), (538 bytes).
    Removing u8g2_fonts.o(.constdata), (8728 bytes).
    Removing u8g2_fonts.o(.constdata), (4103 bytes).
    Removing u8g2_fonts.o(.constdata), (644 bytes).
    Removing u8g2_fonts.o(.constdata), (10232 bytes).
    Removing u8g2_fonts.o(.constdata), (4765 bytes).
    Removing u8g2_fonts.o(.constdata), (740 bytes).
    Removing u8g2_fonts.o(.constdata), (12388 bytes).
    Removing u8g2_fonts.o(.constdata), (5799 bytes).
    Removing u8g2_fonts.o(.constdata), (916 bytes).
    Removing u8g2_fonts.o(.constdata), (15016 bytes).
    Removing u8g2_fonts.o(.constdata), (6960 bytes).
    Removing u8g2_fonts.o(.constdata), (1101 bytes).
    Removing u8g2_fonts.o(.constdata), (5490 bytes).
    Removing u8g2_fonts.o(.constdata), (2451 bytes).
    Removing u8g2_fonts.o(.constdata), (428 bytes).
    Removing u8g2_fonts.o(.constdata), (6519 bytes).
    Removing u8g2_fonts.o(.constdata), (2937 bytes).
    Removing u8g2_fonts.o(.constdata), (502 bytes).
    Removing u8g2_fonts.o(.constdata), (7756 bytes).
    Removing u8g2_fonts.o(.constdata), (3502 bytes).
    Removing u8g2_fonts.o(.constdata), (590 bytes).
    Removing u8g2_fonts.o(.constdata), (8590 bytes).
    Removing u8g2_fonts.o(.constdata), (3845 bytes).
    Removing u8g2_fonts.o(.constdata), (631 bytes).
    Removing u8g2_fonts.o(.constdata), (6768 bytes).
    Removing u8g2_fonts.o(.constdata), (9648 bytes).
    Removing u8g2_fonts.o(.constdata), (4351 bytes).
    Removing u8g2_fonts.o(.constdata), (693 bytes).
    Removing u8g2_fonts.o(.constdata), (7694 bytes).
    Removing u8g2_fonts.o(.constdata), (10688 bytes).
    Removing u8g2_fonts.o(.constdata), (4840 bytes).
    Removing u8g2_fonts.o(.constdata), (790 bytes).
    Removing u8g2_fonts.o(.constdata), (9154 bytes).
    Removing u8g2_fonts.o(.constdata), (11647 bytes).
    Removing u8g2_fonts.o(.constdata), (5195 bytes).
    Removing u8g2_fonts.o(.constdata), (853 bytes).
    Removing u8g2_fonts.o(.constdata), (9782 bytes).
    Removing u8g2_fonts.o(.constdata), (13833 bytes).
    Removing u8g2_fonts.o(.constdata), (6224 bytes).
    Removing u8g2_fonts.o(.constdata), (992 bytes).
    Removing u8g2_fonts.o(.constdata), (11772 bytes).
    Removing u8g2_fonts.o(.constdata), (16079 bytes).
    Removing u8g2_fonts.o(.constdata), (7149 bytes).
    Removing u8g2_fonts.o(.constdata), (1091 bytes).
    Removing u8g2_fonts.o(.constdata), (12805 bytes).
    Removing u8g2_fonts.o(.constdata), (17772 bytes).
    Removing u8g2_fonts.o(.constdata), (7922 bytes).
    Removing u8g2_fonts.o(.constdata), (1270 bytes).
    Removing u8g2_fonts.o(.constdata), (14315 bytes).
    Removing u8g2_fonts.o(.constdata), (18950 bytes).
    Removing u8g2_fonts.o(.constdata), (8497 bytes).
    Removing u8g2_fonts.o(.constdata), (1319 bytes).
    Removing u8g2_fonts.o(.constdata), (15126 bytes).
    Removing u8g2_fonts.o(.constdata), (20593 bytes).
    Removing u8g2_fonts.o(.constdata), (9281 bytes).
    Removing u8g2_fonts.o(.constdata), (1446 bytes).
    Removing u8g2_fonts.o(.constdata), (17255 bytes).
    Removing u8g2_fonts.o(.constdata), (1608 bytes).
    Removing u8g2_fonts.o(.constdata), (1707 bytes).
    Removing u8g2_fonts.o(.constdata), (5568 bytes).
    Removing u8g2_fonts.o(.constdata), (2514 bytes).
    Removing u8g2_fonts.o(.constdata), (442 bytes).
    Removing u8g2_fonts.o(.constdata), (6542 bytes).
    Removing u8g2_fonts.o(.constdata), (2922 bytes).
    Removing u8g2_fonts.o(.constdata), (501 bytes).
    Removing u8g2_fonts.o(.constdata), (7872 bytes).
    Removing u8g2_fonts.o(.constdata), (3535 bytes).
    Removing u8g2_fonts.o(.constdata), (568 bytes).
    Removing u8g2_fonts.o(.constdata), (8821 bytes).
    Removing u8g2_fonts.o(.constdata), (3919 bytes).
    Removing u8g2_fonts.o(.constdata), (644 bytes).
    Removing u8g2_fonts.o(.constdata), (9860 bytes).
    Removing u8g2_fonts.o(.constdata), (4408 bytes).
    Removing u8g2_fonts.o(.constdata), (748 bytes).
    Removing u8g2_fonts.o(.constdata), (10923 bytes).
    Removing u8g2_fonts.o(.constdata), (4963 bytes).
    Removing u8g2_fonts.o(.constdata), (807 bytes).
    Removing u8g2_fonts.o(.constdata), (12050 bytes).
    Removing u8g2_fonts.o(.constdata), (5348 bytes).
    Removing u8g2_fonts.o(.constdata), (881 bytes).
    Removing u8g2_fonts.o(.constdata), (13822 bytes).
    Removing u8g2_fonts.o(.constdata), (6118 bytes).
    Removing u8g2_fonts.o(.constdata), (1009 bytes).
    Removing u8g2_fonts.o(.constdata), (15573 bytes).
    Removing u8g2_fonts.o(.constdata), (6815 bytes).
    Removing u8g2_fonts.o(.constdata), (1109 bytes).
    Removing u8g2_fonts.o(.constdata), (17502 bytes).
    Removing u8g2_fonts.o(.constdata), (7785 bytes).
    Removing u8g2_fonts.o(.constdata), (1245 bytes).
    Removing u8g2_fonts.o(.constdata), (18847 bytes).
    Removing u8g2_fonts.o(.constdata), (8450 bytes).
    Removing u8g2_fonts.o(.constdata), (1343 bytes).
    Removing u8g2_fonts.o(.constdata), (20779 bytes).
    Removing u8g2_fonts.o(.constdata), (9320 bytes).
    Removing u8g2_fonts.o(.constdata), (1501 bytes).
    Removing u8g2_fonts.o(.constdata), (1627 bytes).
    Removing u8g2_fonts.o(.constdata), (1747 bytes).
    Removing u8g2_fonts.o(.constdata), (3048 bytes).
    Removing u8g2_fonts.o(.constdata), (1564 bytes).
    Removing u8g2_fonts.o(.constdata), (287 bytes).
    Removing u8g2_fonts.o(.constdata), (3634 bytes).
    Removing u8g2_fonts.o(.constdata), (1877 bytes).
    Removing u8g2_fonts.o(.constdata), (311 bytes).
    Removing u8g2_fonts.o(.constdata), (4144 bytes).
    Removing u8g2_fonts.o(.constdata), (2226 bytes).
    Removing u8g2_fonts.o(.constdata), (382 bytes).
    Removing u8g2_fonts.o(.constdata), (4240 bytes).
    Removing u8g2_fonts.o(.constdata), (2268 bytes).
    Removing u8g2_fonts.o(.constdata), (387 bytes).
    Removing u8g2_fonts.o(.constdata), (4466 bytes).
    Removing u8g2_fonts.o(.constdata), (2410 bytes).
    Removing u8g2_fonts.o(.constdata), (421 bytes).
    Removing u8g2_fonts.o(.constdata), (4896 bytes).
    Removing u8g2_fonts.o(.constdata), (2646 bytes).
    Removing u8g2_fonts.o(.constdata), (438 bytes).
    Removing u8g2_fonts.o(.constdata), (4900 bytes).
    Removing u8g2_fonts.o(.constdata), (2646 bytes).
    Removing u8g2_fonts.o(.constdata), (427 bytes).
    Removing u8g2_fonts.o(.constdata), (5374 bytes).
    Removing u8g2_fonts.o(.constdata), (2914 bytes).
    Removing u8g2_fonts.o(.constdata), (481 bytes).
    Removing u8g2_fonts.o(.constdata), (5664 bytes).
    Removing u8g2_fonts.o(.constdata), (3097 bytes).
    Removing u8g2_fonts.o(.constdata), (525 bytes).
    Removing u8g2_fonts.o(.constdata), (6152 bytes).
    Removing u8g2_fonts.o(.constdata), (3347 bytes).
    Removing u8g2_fonts.o(.constdata), (534 bytes).
    Removing u8g2_fonts.o(.constdata), (6803 bytes).
    Removing u8g2_fonts.o(.constdata), (3732 bytes).
    Removing u8g2_fonts.o(.constdata), (607 bytes).
    Removing u8g2_fonts.o(.constdata), (8216 bytes).
    Removing u8g2_fonts.o(.constdata), (4625 bytes).
    Removing u8g2_fonts.o(.constdata), (724 bytes).
    Removing u8g2_fonts.o(.constdata), (8679 bytes).
    Removing u8g2_fonts.o(.constdata), (4912 bytes).
    Removing u8g2_fonts.o(.constdata), (783 bytes).
    Removing u8g2_fonts.o(.constdata), (9494 bytes).
    Removing u8g2_fonts.o(.constdata), (5354 bytes).
    Removing u8g2_fonts.o(.constdata), (851 bytes).
    Removing u8g2_fonts.o(.constdata), (10072 bytes).
    Removing u8g2_fonts.o(.constdata), (5661 bytes).
    Removing u8g2_fonts.o(.constdata), (880 bytes).
    Removing u8g2_fonts.o(.constdata), (10902 bytes).
    Removing u8g2_fonts.o(.constdata), (6176 bytes).
    Removing u8g2_fonts.o(.constdata), (974 bytes).
    Removing u8g2_fonts.o(.constdata), (983 bytes).
    Removing u8g2_fonts.o(.constdata), (1332 bytes).
    Removing u8g2_fonts.o(.constdata), (1624 bytes).
    Removing u8g2_fonts.o(.constdata), (2538 bytes).
    Removing u8g2_fonts.o(.constdata), (1226 bytes).
    Removing u8g2_fonts.o(.constdata), (235 bytes).
    Removing u8g2_fonts.o(.constdata), (831 bytes).
    Removing u8g2_fonts.o(.constdata), (2225 bytes).
    Removing u8g2_fonts.o(.constdata), (1201 bytes).
    Removing u8g2_fonts.o(.constdata), (239 bytes).
    Removing u8g2_fonts.o(.constdata), (814 bytes).
    Removing u8g2_fonts.o(.constdata), (2538 bytes).
    Removing u8g2_fonts.o(.constdata), (1261 bytes).
    Removing u8g2_fonts.o(.constdata), (245 bytes).
    Removing u8g2_fonts.o(.constdata), (853 bytes).
    Removing u8g2_fonts.o(.constdata), (2395 bytes).
    Removing u8g2_fonts.o(.constdata), (1189 bytes).
    Removing u8g2_fonts.o(.constdata), (234 bytes).
    Removing u8g2_fonts.o(.constdata), (808 bytes).
    Removing u8g2_fonts.o(.constdata), (2532 bytes).
    Removing u8g2_fonts.o(.constdata), (1243 bytes).
    Removing u8g2_fonts.o(.constdata), (242 bytes).
    Removing u8g2_fonts.o(.constdata), (847 bytes).
    Removing u8g2_fonts.o(.constdata), (9464 bytes).
    Removing u8g2_fonts.o(.constdata), (10396 bytes).
    Removing u8g2_fonts.o(.constdata), (2656 bytes).
    Removing u8g2_fonts.o(.constdata), (1266 bytes).
    Removing u8g2_fonts.o(.constdata), (232 bytes).
    Removing u8g2_fonts.o(.constdata), (3410 bytes).
    Removing u8g2_fonts.o(.constdata), (1626 bytes).
    Removing u8g2_fonts.o(.constdata), (268 bytes).
    Removing u8g2_fonts.o(.constdata), (11498 bytes).
    Removing u8g2_fonts.o(.constdata), (14305 bytes).
    Removing u8g2_fonts.o(.constdata), (2639 bytes).
    Removing u8g2_fonts.o(.constdata), (1257 bytes).
    Removing u8g2_fonts.o(.constdata), (231 bytes).
    Removing u8g2_fonts.o(.constdata), (3190 bytes).
    Removing u8g2_fonts.o(.constdata), (1521 bytes).
    Removing u8g2_fonts.o(.constdata), (273 bytes).
    Removing u8g2_fonts.o(.constdata), (11372 bytes).
    Removing u8g2_fonts.o(.constdata), (13451 bytes).
    Removing u8g2_fonts.o(.constdata), (2616 bytes).
    Removing u8g2_fonts.o(.constdata), (1573 bytes).
    Removing u8g2_fonts.o(.constdata), (287 bytes).
    Removing u8g2_fonts.o(.constdata), (3076 bytes).
    Removing u8g2_fonts.o(.constdata), (1915 bytes).
    Removing u8g2_fonts.o(.constdata), (327 bytes).
    Removing u8g2_fonts.o(.constdata), (2427 bytes).
    Removing u8g2_fonts.o(.constdata), (1451 bytes).
    Removing u8g2_fonts.o(.constdata), (284 bytes).
    Removing u8g2_fonts.o(.constdata), (3066 bytes).
    Removing u8g2_fonts.o(.constdata), (1877 bytes).
    Removing u8g2_fonts.o(.constdata), (328 bytes).
    Removing u8g2_hvline.o(i.u8g2_DrawHLine), (12 bytes).
    Removing u8g2_hvline.o(i.u8g2_SetDrawColor), (16 bytes).
    Removing u8g2_input_value.o(i.u8g2_UserInterfaceInputValue), (312 bytes).
    Removing u8g2_kerning.o(i.u8g2_GetKerning), (84 bytes).
    Removing u8g2_kerning.o(i.u8g2_GetKerningByTable), (52 bytes).
    Removing u8g2_line.o(i.u8g2_DrawLine), (178 bytes).
    Removing u8g2_ll_hvline.o(i.u8g2_ll_hvline_horizontal_right_lsb), (118 bytes).
    Removing u8g2_message.o(i.u8g2_UserInterfaceMessage), (288 bytes).
    Removing u8g2_message.o(i.u8g2_draw_button_line), (156 bytes).
    Removing u8g2_polygon.o(i.pg_dec), (18 bytes).
    Removing u8g2_polygon.o(i.pg_exec), (110 bytes).
    Removing u8g2_polygon.o(i.pg_expand_min_y), (46 bytes).
    Removing u8g2_polygon.o(i.pg_hline), (110 bytes).
    Removing u8g2_polygon.o(i.pg_inc), (16 bytes).
    Removing u8g2_polygon.o(i.pg_line_init), (122 bytes).
    Removing u8g2_polygon.o(i.pg_prepare), (160 bytes).
    Removing u8g2_polygon.o(i.pge_Next), (62 bytes).
    Removing u8g2_polygon.o(i.u8g2_AddPolygonXY), (32 bytes).
    Removing u8g2_polygon.o(i.u8g2_ClearPolygonXY), (12 bytes).
    Removing u8g2_polygon.o(i.u8g2_DrawPolygon), (36 bytes).
    Removing u8g2_polygon.o(i.u8g2_DrawTriangle), (60 bytes).
    Removing u8g2_polygon.o(.bss), (76 bytes).
    Removing u8g2_selection_list.o(i.u8g2_DrawSelectionList), (116 bytes).
    Removing u8g2_selection_list.o(i.u8g2_DrawUTF8Line), (202 bytes).
    Removing u8g2_selection_list.o(i.u8g2_DrawUTF8Lines), (88 bytes).
    Removing u8g2_selection_list.o(i.u8g2_UserInterfaceSelectionList), (270 bytes).
    Removing u8g2_setup.o(i.u8g2_SendF), (18 bytes).
    Removing u8g2_setup.o(i.u8g2_SetClipWindow), (28 bytes).
    Removing u8g2_setup.o(i.u8g2_SetDisplayRotation), (22 bytes).
    Removing u8g2_setup.o(i.u8g2_Setup_null), (52 bytes).
    Removing u8g2_setup.o(i.u8g2_draw_l90_mirrorr_r0), (32 bytes).
    Removing u8g2_setup.o(i.u8g2_draw_l90_r1), (42 bytes).
    Removing u8g2_setup.o(i.u8g2_draw_l90_r2), (54 bytes).
    Removing u8g2_setup.o(i.u8g2_draw_l90_r3), (42 bytes).
    Removing u8g2_setup.o(i.u8g2_draw_mirror_vertical_r0), (32 bytes).
    Removing u8g2_setup.o(i.u8g2_update_dimension_r1), (24 bytes).
    Removing u8g2_setup.o(i.u8g2_update_dimension_r2), (4 bytes).
    Removing u8g2_setup.o(i.u8g2_update_dimension_r3), (24 bytes).
    Removing u8g2_setup.o(i.u8g2_update_page_win_r1), (34 bytes).
    Removing u8g2_setup.o(i.u8g2_update_page_win_r2), (50 bytes).
    Removing u8g2_setup.o(i.u8g2_update_page_win_r3), (50 bytes).
    Removing u8g2_setup.o(.constdata), (12 bytes).
    Removing u8g2_setup.o(.constdata), (12 bytes).
    Removing u8g2_setup.o(.constdata), (12 bytes).
    Removing u8g2_setup.o(.constdata), (12 bytes).
    Removing u8g2_setup.o(.constdata), (12 bytes).
    Removing u8g2_setup.o(.data), (8 bytes).
    Removing u8log.o(i.u8log_Init), (34 bytes).
    Removing u8log.o(i.u8log_SetCallback), (6 bytes).
    Removing u8log.o(i.u8log_SetLineHeightOffset), (4 bytes).
    Removing u8log.o(i.u8log_SetRedrawMode), (4 bytes).
    Removing u8log.o(i.u8log_WriteChar), (34 bytes).
    Removing u8log.o(i.u8log_WriteDec16), (26 bytes).
    Removing u8log.o(i.u8log_WriteDec8), (26 bytes).
    Removing u8log.o(i.u8log_WriteHex16), (24 bytes).
    Removing u8log.o(i.u8log_WriteHex32), (24 bytes).
    Removing u8log.o(i.u8log_WriteHex8), (24 bytes).
    Removing u8log.o(i.u8log_WriteHexHalfByte), (18 bytes).
    Removing u8log.o(i.u8log_WriteString), (24 bytes).
    Removing u8log.o(i.u8log_clear_screen), (26 bytes).
    Removing u8log.o(i.u8log_cursor_on_screen), (94 bytes).
    Removing u8log.o(i.u8log_write_char), (122 bytes).
    Removing u8log_u8g2.o(i.u8g2_DrawLog), (98 bytes).
    Removing u8log_u8g2.o(i.u8log_u8g2_cb), (52 bytes).
    Removing u8log_u8x8.o(i.u8log_u8x8_cb), (48 bytes).
    Removing u8log_u8x8.o(i.u8x8_DrawLog), (48 bytes).
    Removing u8log_u8x8.o(i.u8x8_DrawLogLine), (54 bytes).
    Removing u8x8_8x8.o(i.u8x8_Draw1x2Glyph), (146 bytes).
    Removing u8x8_8x8.o(i.u8x8_Draw1x2String), (16 bytes).
    Removing u8x8_8x8.o(i.u8x8_Draw1x2UTF8), (16 bytes).
    Removing u8x8_8x8.o(i.u8x8_Draw2x2Glyph), (74 bytes).
    Removing u8x8_8x8.o(i.u8x8_Draw2x2String), (16 bytes).
    Removing u8x8_8x8.o(i.u8x8_Draw2x2UTF8), (16 bytes).
    Removing u8x8_8x8.o(i.u8x8_DrawGlyph), (90 bytes).
    Removing u8x8_8x8.o(i.u8x8_DrawString), (16 bytes).
    Removing u8x8_8x8.o(i.u8x8_DrawUTF8), (16 bytes).
    Removing u8x8_8x8.o(i.u8x8_GetUTF8Len), (50 bytes).
    Removing u8x8_8x8.o(i.u8x8_SetFont), (4 bytes).
    Removing u8x8_8x8.o(i.u8x8_draw_1x2_string), (80 bytes).
    Removing u8x8_8x8.o(i.u8x8_draw_2x2_string), (84 bytes).
    Removing u8x8_8x8.o(i.u8x8_draw_2x2_subglyph), (152 bytes).
    Removing u8x8_8x8.o(i.u8x8_draw_string), (80 bytes).
    Removing u8x8_8x8.o(i.u8x8_get_glyph_data), (104 bytes).
    Removing u8x8_8x8.o(i.u8x8_upscale_buf), (26 bytes).
    Removing u8x8_8x8.o(i.u8x8_upscale_byte), (36 bytes).
    Removing u8x8_8x8.o(i.u8x8_utf8_next), (144 bytes).
    Removing u8x8_byte.o(.rev16_text), (4 bytes).
    Removing u8x8_byte.o(.revsh_text), (4 bytes).
    Removing u8x8_byte.o(.rrx_text), (6 bytes).
    Removing u8x8_byte.o(i.u8x8_byte_3wire_sw_spi), (256 bytes).
    Removing u8x8_byte.o(i.u8x8_byte_4wire_sw_spi), (234 bytes).
    Removing u8x8_byte.o(i.u8x8_byte_8bit_6800mode), (216 bytes).
    Removing u8x8_byte.o(i.u8x8_byte_8bit_8080mode), (216 bytes).
    Removing u8x8_byte.o(i.u8x8_byte_SendBytes), (16 bytes).
    Removing u8x8_byte.o(i.u8x8_byte_SetDC), (16 bytes).
    Removing u8x8_byte.o(i.u8x8_byte_empty), (4 bytes).
    Removing u8x8_byte.o(i.u8x8_byte_ks0108), (210 bytes).
    Removing u8x8_byte.o(i.u8x8_byte_sed1520), (220 bytes).
    Removing u8x8_byte.o(i.u8x8_byte_set_ks0108_cs), (46 bytes).
    Removing u8x8_cad.o(i.u8x8_SendF), (18 bytes).
    Removing u8x8_cad.o(i.u8x8_cad_001), (82 bytes).
    Removing u8x8_cad.o(i.u8x8_cad_011), (86 bytes).
    Removing u8x8_cad.o(i.u8x8_cad_100), (86 bytes).
    Removing u8x8_cad.o(i.u8x8_cad_110), (82 bytes).
    Removing u8x8_cad.o(i.u8x8_cad_SendMultipleArg), (38 bytes).
    Removing u8x8_cad.o(i.u8x8_cad_empty), (44 bytes).
    Removing u8x8_cad.o(i.u8x8_cad_ld7032_i2c), (180 bytes).
    Removing u8x8_cad.o(i.u8x8_cad_ssd13xx_i2c), (122 bytes).
    Removing u8x8_cad.o(i.u8x8_cad_st75256_i2c), (132 bytes).
    Removing u8x8_cad.o(i.u8x8_cad_st7920_spi), (248 bytes).
    Removing u8x8_cad.o(i.u8x8_cad_uc1638_i2c), (280 bytes).
    Removing u8x8_cad.o(i.u8x8_cad_uc16xx_i2c), (240 bytes).
    Removing u8x8_cad.o(i.u8x8_cad_vsendf), (82 bytes).
    Removing u8x8_cad.o(i.u8x8_gu800_cad_110), (118 bytes).
    Removing u8x8_cad.o(.bss), (16 bytes).
    Removing u8x8_capture.o(i.u8x8_capture_get_pixel_1), (28 bytes).
    Removing u8x8_capture.o(i.u8x8_capture_get_pixel_2), (32 bytes).
    Removing u8x8_capture.o(i.u8x8_capture_write_pbm_buffer), (96 bytes).
    Removing u8x8_capture.o(i.u8x8_capture_write_pbm_pre), (52 bytes).
    Removing u8x8_capture.o(i.u8x8_capture_write_xbm_buffer), (192 bytes).
    Removing u8x8_capture.o(i.u8x8_capture_write_xbm_pre), (136 bytes).
    Removing u8x8_d_ssd1306_128x64_noname.o(i.u8x8_d_sh1106_128x64_noname), (60 bytes).
    Removing u8x8_d_ssd1306_128x64_noname.o(i.u8x8_d_sh1106_128x64_vcomh0), (60 bytes).
    Removing u8x8_d_ssd1306_128x64_noname.o(i.u8x8_d_sh1106_128x64_winstar), (60 bytes).
    Removing u8x8_d_ssd1306_128x64_noname.o(i.u8x8_d_ssd1306_128x64_alt0), (60 bytes).
    Removing u8x8_d_ssd1306_128x64_noname.o(i.u8x8_d_ssd1306_128x64_vcomh0), (60 bytes).
    Removing u8x8_d_ssd1306_128x64_noname.o(i.u8x8_d_ssd1312_128x64_noname), (88 bytes).
    Removing u8x8_debounce.o(i.u8x8_GetMenuEvent), (192 bytes).
    Removing u8x8_display.o(i.u8x8_ClearDisplay), (16 bytes).
    Removing u8x8_display.o(i.u8x8_ClearDisplayWithTile), (58 bytes).
    Removing u8x8_display.o(i.u8x8_ClearLine), (48 bytes).
    Removing u8x8_display.o(i.u8x8_FillDisplay), (28 bytes).
    Removing u8x8_display.o(i.u8x8_InitInterface), (32 bytes).
    Removing u8x8_display.o(i.u8x8_SetContrast), (16 bytes).
    Removing u8x8_display.o(i.u8x8_SetFlipMode), (16 bytes).
    Removing u8x8_fonts.o(.constdata), (1796 bytes).
    Removing u8x8_fonts.o(.constdata), (764 bytes).
    Removing u8x8_fonts.o(.constdata), (220 bytes).
    Removing u8x8_fonts.o(.constdata), (517 bytes).
    Removing u8x8_fonts.o(.constdata), (1796 bytes).
    Removing u8x8_fonts.o(.constdata), (764 bytes).
    Removing u8x8_fonts.o(.constdata), (220 bytes).
    Removing u8x8_fonts.o(.constdata), (1796 bytes).
    Removing u8x8_fonts.o(.constdata), (764 bytes).
    Removing u8x8_fonts.o(.constdata), (220 bytes).
    Removing u8x8_fonts.o(.constdata), (3588 bytes).
    Removing u8x8_fonts.o(.constdata), (1524 bytes).
    Removing u8x8_fonts.o(.constdata), (436 bytes).
    Removing u8x8_fonts.o(.constdata), (3588 bytes).
    Removing u8x8_fonts.o(.constdata), (1524 bytes).
    Removing u8x8_fonts.o(.constdata), (436 bytes).
    Removing u8x8_fonts.o(.constdata), (3588 bytes).
    Removing u8x8_fonts.o(.constdata), (1524 bytes).
    Removing u8x8_fonts.o(.constdata), (436 bytes).
    Removing u8x8_fonts.o(.constdata), (3588 bytes).
    Removing u8x8_fonts.o(.constdata), (1524 bytes).
    Removing u8x8_fonts.o(.constdata), (436 bytes).
    Removing u8x8_fonts.o(.constdata), (229 bytes).
    Removing u8x8_fonts.o(.constdata), (45 bytes).
    Removing u8x8_fonts.o(.constdata), (140 bytes).
    Removing u8x8_fonts.o(.constdata), (148 bytes).
    Removing u8x8_fonts.o(.constdata), (156 bytes).
    Removing u8x8_fonts.o(.constdata), (52 bytes).
    Removing u8x8_fonts.o(.constdata), (900 bytes).
    Removing u8x8_fonts.o(.constdata), (164 bytes).
    Removing u8x8_fonts.o(.constdata), (548 bytes).
    Removing u8x8_fonts.o(.constdata), (580 bytes).
    Removing u8x8_fonts.o(.constdata), (612 bytes).
    Removing u8x8_fonts.o(.constdata), (197 bytes).
    Removing u8x8_fonts.o(.constdata), (3588 bytes).
    Removing u8x8_fonts.o(.constdata), (644 bytes).
    Removing u8x8_fonts.o(.constdata), (2180 bytes).
    Removing u8x8_fonts.o(.constdata), (2308 bytes).
    Removing u8x8_fonts.o(.constdata), (2436 bytes).
    Removing u8x8_fonts.o(.constdata), (772 bytes).
    Removing u8x8_fonts.o(.constdata), (14340 bytes).
    Removing u8x8_fonts.o(.constdata), (2564 bytes).
    Removing u8x8_fonts.o(.constdata), (8708 bytes).
    Removing u8x8_fonts.o(.constdata), (9220 bytes).
    Removing u8x8_fonts.o(.constdata), (9732 bytes).
    Removing u8x8_fonts.o(.constdata), (3076 bytes).
    Removing u8x8_fonts.o(.constdata), (10756 bytes).
    Removing u8x8_fonts.o(.constdata), (4612 bytes).
    Removing u8x8_fonts.o(.constdata), (1300 bytes).
    Removing u8x8_fonts.o(.constdata), (772 bytes).
    Removing u8x8_fonts.o(.constdata), (220 bytes).
    Removing u8x8_fonts.o(.constdata), (517 bytes).
    Removing u8x8_fonts.o(.constdata), (764 bytes).
    Removing u8x8_fonts.o(.constdata), (220 bytes).
    Removing u8x8_fonts.o(.constdata), (517 bytes).
    Removing u8x8_fonts.o(.constdata), (772 bytes).
    Removing u8x8_fonts.o(.constdata), (220 bytes).
    Removing u8x8_fonts.o(.constdata), (517 bytes).
    Removing u8x8_fonts.o(.constdata), (220 bytes).
    Removing u8x8_fonts.o(.constdata), (517 bytes).
    Removing u8x8_fonts.o(.constdata), (772 bytes).
    Removing u8x8_fonts.o(.constdata), (220 bytes).
    Removing u8x8_fonts.o(.constdata), (517 bytes).
    Removing u8x8_fonts.o(.constdata), (772 bytes).
    Removing u8x8_fonts.o(.constdata), (220 bytes).
    Removing u8x8_fonts.o(.constdata), (517 bytes).
    Removing u8x8_fonts.o(.constdata), (772 bytes).
    Removing u8x8_fonts.o(.constdata), (220 bytes).
    Removing u8x8_fonts.o(.constdata), (517 bytes).
    Removing u8x8_fonts.o(.constdata), (10756 bytes).
    Removing u8x8_fonts.o(.constdata), (4564 bytes).
    Removing u8x8_fonts.o(.constdata), (1300 bytes).
    Removing u8x8_fonts.o(.constdata), (10756 bytes).
    Removing u8x8_fonts.o(.constdata), (4564 bytes).
    Removing u8x8_fonts.o(.constdata), (1300 bytes).
    Removing u8x8_fonts.o(.constdata), (21508 bytes).
    Removing u8x8_fonts.o(.constdata), (9124 bytes).
    Removing u8x8_fonts.o(.constdata), (2596 bytes).
    Removing u8x8_fonts.o(.constdata), (21508 bytes).
    Removing u8x8_fonts.o(.constdata), (9124 bytes).
    Removing u8x8_fonts.o(.constdata), (2596 bytes).
    Removing u8x8_fonts.o(.constdata), (7076 bytes).
    Removing u8x8_fonts.o(.constdata), (2916 bytes).
    Removing u8x8_fonts.o(.constdata), (868 bytes).
    Removing u8x8_fonts.o(.constdata), (7076 bytes).
    Removing u8x8_fonts.o(.constdata), (2916 bytes).
    Removing u8x8_fonts.o(.constdata), (868 bytes).
    Removing u8x8_fonts.o(.constdata), (14340 bytes).
    Removing u8x8_fonts.o(.constdata), (6084 bytes).
    Removing u8x8_fonts.o(.constdata), (1732 bytes).
    Removing u8x8_fonts.o(.constdata), (32260 bytes).
    Removing u8x8_fonts.o(.constdata), (13684 bytes).
    Removing u8x8_fonts.o(.constdata), (3892 bytes).
    Removing u8x8_fonts.o(.constdata), (24324 bytes).
    Removing u8x8_fonts.o(.constdata), (6916 bytes).
    Removing u8x8_fonts.o(.constdata), (14340 bytes).
    Removing u8x8_fonts.o(.constdata), (6084 bytes).
    Removing u8x8_fonts.o(.constdata), (1732 bytes).
    Removing u8x8_fonts.o(.constdata), (32260 bytes).
    Removing u8x8_fonts.o(.constdata), (13684 bytes).
    Removing u8x8_fonts.o(.constdata), (3892 bytes).
    Removing u8x8_fonts.o(.constdata), (24324 bytes).
    Removing u8x8_fonts.o(.constdata), (6916 bytes).
    Removing u8x8_fonts.o(.constdata), (1796 bytes).
    Removing u8x8_fonts.o(.constdata), (772 bytes).
    Removing u8x8_fonts.o(.constdata), (220 bytes).
    Removing u8x8_fonts.o(.constdata), (516 bytes).
    Removing u8x8_fonts.o(.constdata), (1796 bytes).
    Removing u8x8_fonts.o(.constdata), (772 bytes).
    Removing u8x8_fonts.o(.constdata), (220 bytes).
    Removing u8x8_fonts.o(.constdata), (517 bytes).
    Removing u8x8_fonts.o(.constdata), (1796 bytes).
    Removing u8x8_fonts.o(.constdata), (773 bytes).
    Removing u8x8_fonts.o(.constdata), (220 bytes).
    Removing u8x8_fonts.o(.constdata), (517 bytes).
    Removing u8x8_fonts.o(.constdata), (1796 bytes).
    Removing u8x8_fonts.o(.constdata), (772 bytes).
    Removing u8x8_fonts.o(.constdata), (220 bytes).
    Removing u8x8_fonts.o(.constdata), (517 bytes).
    Removing u8x8_fonts.o(.constdata), (1796 bytes).
    Removing u8x8_fonts.o(.constdata), (772 bytes).
    Removing u8x8_fonts.o(.constdata), (220 bytes).
    Removing u8x8_fonts.o(.constdata), (517 bytes).
    Removing u8x8_fonts.o(.constdata), (7172 bytes).
    Removing u8x8_fonts.o(.constdata), (3077 bytes).
    Removing u8x8_fonts.o(.constdata), (868 bytes).
    Removing u8x8_fonts.o(.constdata), (7172 bytes).
    Removing u8x8_fonts.o(.constdata), (3077 bytes).
    Removing u8x8_fonts.o(.constdata), (868 bytes).
    Removing u8x8_input_value.o(i.u8x8_UserInterfaceInputValue), (262 bytes).
    Removing u8x8_message.o(i.u8x8_UserInterfaceMessage), (240 bytes).
    Removing u8x8_message.o(i.u8x8_draw_button_line), (164 bytes).
    Removing u8x8_selection_list.o(i.u8sl_Next), (42 bytes).
    Removing u8x8_selection_list.o(i.u8sl_Prev), (40 bytes).
    Removing u8x8_selection_list.o(i.u8x8_DrawSelectionList), (44 bytes).
    Removing u8x8_selection_list.o(i.u8x8_UserInterfaceSelectionList), (192 bytes).
    Removing u8x8_selection_list.o(i.u8x8_sl_string_line_cb), (76 bytes).
    Removing u8x8_setup.o(i.u8x8_d_null_cb), (32 bytes).
    Removing u8x8_setup.o(.constdata), (24 bytes).
    Removing u8x8_string.o(i.u8x8_CopyStringLine), (40 bytes).
    Removing u8x8_string.o(i.u8x8_DrawUTF8Line), (116 bytes).
    Removing u8x8_string.o(i.u8x8_DrawUTF8Lines), (66 bytes).
    Removing u8x8_string.o(i.u8x8_GetStringLineCnt), (26 bytes).
    Removing u8x8_string.o(i.u8x8_GetStringLineStart), (36 bytes).
    Removing u8x8_u8toa.o(i.u8x8_u8toa), (24 bytes).
    Removing u8x8_u8toa.o(i.u8x8_u8toap), (44 bytes).
    Removing u8x8_u8toa.o(.constdata), (3 bytes).
    Removing u8x8_u8toa.o(.data), (4 bytes).
    Removing u8x8_u16toa.o(i.u8x8_u16toa), (24 bytes).
    Removing u8x8_u16toa.o(i.u8x8_u16toap), (46 bytes).
    Removing u8x8_u16toa.o(i.u8x8_utoa), (28 bytes).
    Removing u8x8_u16toa.o(.data), (6 bytes).
    Removing dadd.o(.text), (334 bytes).
    Removing dmul.o(.text), (228 bytes).
    Removing ddiv.o(.text), (222 bytes).
    Removing dfixul.o(.text), (48 bytes).
    Removing cdrcmple.o(.text), (48 bytes).
    Removing depilogue.o(.text), (186 bytes).

3169 unused section(s) (total 11493540 bytes) removed from the image.
