<html>
<body>
<pre>
<h1>µVision Build Log</h1>
<h2>Tool Versions:</h2>
IDE-Version: ¶ÃVision V5.36.0.0
Copyright (C) 2021 ARM Ltd and ARM Germany GmbH. All rights reserved.
License Information: ¥Û ∞◊≤À, open89, LIC=MJWS7-YM91I-3SJYS-ZPZZF-95MI8-39TFM
 
Tool Versions:
Toolchain:       MDK-ARM Community  Version: 5.36.0.0
Toolchain Path:  D:\Keil_arm\ARM\ARMCC\Bin
C Compiler:      Armcc.exe V5.06 update 7 (build 960)
Assembler:       Armasm.exe V5.06 update 7 (build 960)
Linker/Locator:  ArmLink.exe V5.06 update 7 (build 960)
Library Manager: ArmAr.exe V5.06 update 7 (build 960)
Hex Converter:   FromElf.exe V5.06 update 7 (build 960)
CPU DLL:         SARMCM3.DLL V5.36.0.0
Dialog DLL:      DCM.DLL V1.17.3.0
Target DLL:      STLink\ST-LINKIII-KEIL_SWO.dll V3.0.9.0
Dialog DLL:      TCM.DLL V1.53.0.0
 
<h2>Project:</h2>
D:\Code\FreeRTOS_Demo\FreeRTOS_Demo\MDK-ARM\demo.uvprojx
Project File Date:  06/04/2024

<h2>Output:</h2>
*** Using Compiler 'V5.06 update 7 (build 960)', folder: 'D:\Keil_arm\ARM\ARMCC\Bin'
Build target 'demo'
assembling startup_stm32f103xb.s...
compiling stm32f1xx_it.c...
compiling stm32f1xx_hal_gpio_ex.c...
compiling stm32f1xx_hal.c...
compiling gpio.c...
compiling stm32f1xx_hal_gpio.c...
compiling adc.c...
compiling i2c.c...
compiling stm32f1xx_hal_msp.c...
compiling stm32f1xx_hal_rcc_ex.c...
compiling stm32f1xx_hal_timebase_tim.c...
compiling main.c...
compiling freertos.c...
../Src/freertos.c(58): warning:  #177-D: variable "keyTestRet"  was declared but never referenced
  static BaseType_t keyTestRet;
../Src/freertos.c(59): warning:  #177-D: variable "keyDealRet"  was declared but never referenced
  static BaseType_t keyDealRet;
../Src/freertos.c(60): warning:  #177-D: variable "lightSensorRet"  was declared but never referenced
  static BaseType_t lightSensorRet;
../Src/freertos.c(61): warning:  #177-D: variable "dhtRet"  was declared but never referenced
  static BaseType_t dhtRet;
../Src/freertos.c(62): warning:  #550-D: variable "createTaskRet"  was set but never used
  static BaseType_t createTaskRet;
../Src/freertos.c: 5 warnings, 0 errors
compiling stm32f1xx_hal_adc_ex.c...
compiling stm32f1xx_hal_rcc.c...
compiling stm32f1xx_hal_adc.c...
compiling croutine.c...
compiling list.c...
compiling event_groups.c...
compiling stream_buffer.c...
compiling queue.c...
compiling timers.c...
compiling tasks.c...
compiling heap_4.c...
compiling stm32f1xx_hal_cortex.c...
compiling stm32f1xx_hal_dma.c...
compiling port.c...
compiling stm32f1xx_hal_flash.c...
compiling stm32f1xx_hal_exti.c...
compiling system_stm32f1xx.c...
compiling stm32f1xx_hal_pwr.c...
compiling cmsis_os2.c...
compiling stm32f1xx_hal_flash_ex.c...
compiling driver_lcd.c...
compiling stm32f1xx_hal_tim_ex.c...
compiling demo.c...
compiling MyInclude.c...
compiling stm32f1xx_hal_tim.c...
compiling stm32f1xx_hal_i2c.c...
compiling driver_led.c...
..\Drivers\STM32F103\driver_led.c(102): warning:  #177-D: variable "freeNum"  was declared but never referenced
  	UBaseType_t freeNum;
..\Drivers\STM32F103\driver_led.c(103): warning:  #177-D: variable "TaskHandle_t"  was declared but never referenced
  	TaskHandle_t xTaskHandle;
..\Drivers\STM32F103\driver_led.c: 2 warnings, 0 errors
compiling driver_oled.c...
..\Drivers\STM32F103\driver_oled.c(773): warning:  #223-D: function "memset" declared implicitly
      memset(oledBuffer, 0, sizeof(oledBuffer));
..\Drivers\STM32F103\driver_oled.c(153): warning:  #177-D: function "OLED_WriteData"  was declared but never referenced
  static int OLED_WriteData(uint8_t data)
..\Drivers\STM32F103\driver_oled.c(201): warning:  #177-D: function "OLED_H_Scroll"  was declared but never referenced
  static void OLED_H_Scroll(H_SCROLL_DIR dir, uint8_t start, uint8_t fr_time, uint8_t end)
..\Drivers\STM32F103\driver_oled.c(225): warning:  #177-D: function "OLED_HV_Scroll"  was declared but never referenced
  static void OLED_HV_Scroll(HV_SCROLL_DIR dir, uint8_t start, uint8_t fr_time, uint8_t end, uint8_t offset)
..\Drivers\STM32F103\driver_oled.c(245): warning:  #177-D: function "OLED_SetVScrollArea"  was declared but never referenced
  static void OLED_SetVScrollArea(uint8_t area, uint8_t row_num)
..\Drivers\STM32F103\driver_oled.c(294): warning:  #177-D: function "OLED_SetColAddr_HV"  was declared but never referenced
  static void OLED_SetColAddr_HV(uint8_t start, uint8_t end)
..\Drivers\STM32F103\driver_oled.c(311): warning:  #177-D: function "OLED_SetPageAddr_HV"  was declared but never referenced
  static void OLED_SetPageAddr_HV(uint8_t start, uint8_t end)
..\Drivers\STM32F103\driver_oled.c(417): warning:  #177-D: function "OLED_SetPreChargePeriod"  was declared but never referenced
  static void OLED_SetPreChargePeriod(uint8_t phase1, uint8_t phase2)
..\Drivers\STM32F103\driver_oled.c(431): warning:  #177-D: function "OLED_SetVcomhLevel"  was declared but never referenced
  static void OLED_SetVcomhLevel(VCOMH_LEVEL level)
..\Drivers\STM32F103\driver_oled.c: 9 warnings, 0 errors
compiling driver_timer.c...
compiling driver_key.c...
compiling driver_light_sensor.c...
..\Drivers\STM32F103\driver_light_sensor.c(121): warning:  #177-D: variable "analog_val"  was declared but never referenced
      uint32_t analog_val;
..\Drivers\STM32F103\driver_light_sensor.c: 1 warning, 0 errors
compiling driver_dht11.c...
..\Drivers\STM32F103\driver_dht11.c(344): warning:  #167-D: argument of type "BaseType_t *" is incompatible with parameter of type "TickType_t *const"
  		vTaskDelayUntil(&preTime, 2000);     // Â∞ÜÂª∂Êó∂ÂáΩÊï∞‰øÆÊîπ‰∏∫ÁªùÂØπÊó∂Èó¥
..\Drivers\STM32F103\driver_dht11.c: 1 warning, 0 errors
compiling MyTask.c...
..\BLL\MyTask.c(19): warning:  #167-D: argument of type "void (*)(void)" is incompatible with parameter of type "TaskFunction_t"
  	xTaskCreate(Key_Test, "KeyTask", 128, NULL, osPriorityNormal2, &xKeyTestHandle);	
..\BLL\MyTask.c(20): warning:  #167-D: argument of type "void (*)(void)" is incompatible with parameter of type "TaskFunction_t"
  	xTaskCreate(Key_Deal, "KeyDealTask", 128, NULL, osPriorityNormal1, &xKeyDealHandle);
..\BLL\MyTask.c(21): warning:  #167-D: argument of type "void (*)(void)" is incompatible with parameter of type "TaskFunction_t"
  	xTaskCreate(LightSensor_Test, "LightSensorTask", 128, NULL, osPriorityNormal1, &xLightSensorHandle);
..\BLL\MyTask.c(22): warning:  #167-D: argument of type "void (*)(void)" is incompatible with parameter of type "TaskFunction_t"
  	xTaskCreate(DHT11_Test, "DHt11Task", 128, NULL, osPriorityNormal1, &xDHT11Handle);
..\BLL\MyTask.c: 4 warnings, 0 errors
linking...
Program Size: Code=16232 RO-data=2388 RW-data=176 ZI-data=9112  
FromELF: creating hex file...
"demo\demo.axf" - 0 Error(s), 22 Warning(s).

<h2>Software Packages used:</h2>

Package Vendor: ARM
                http://www.keil.com/pack/ARM.CMSIS.5.8.0.pack
                ARM.CMSIS.5.8.0
                CMSIS (Common Microcontroller Software Interface Standard)
   * Component: CORE Version: 5.5.0

Package Vendor: Keil
                http://www.keil.com/pack/Keil.STM32F1xx_DFP.2.2.0.pack
                Keil.STM32F1xx_DFP.2.2.0
                STMicroelectronics STM32F1 Series Device Support, Drivers and Examples

<h2>Collection of Component include folders:</h2>
  .\RTE\_demo
  D:\Keil_arm\ARM\CMSIS\5.8.0\CMSIS\Core\Include
  D:\Keil_arm\Keil\STM32F1xx_DFP\2.2.0\Device\Include

<h2>Collection of Component Files used:</h2>

   * Component: ARM::CMSIS:CORE:5.5.0
      Include file:  CMSIS\Core\Include\tz_context.h
Build Time Elapsed:  00:00:05
</pre>
</body>
</html>
